Archive member included to satisfy reference by file (symbol)

/usr/lib/gcc/arm-none-eabi/7.3.1/thumb/v6-m/libgcc.a(_dvmd_tls.o)
                              CMakeFiles/Hexapod.dir/home/pi/Documents/pico/pico-sdk/src/rp2_common/pico_divider/divider.S.obj (__aeabi_idiv0)
/usr/lib/gcc/arm-none-eabi/7.3.1/../../../arm-none-eabi/lib/thumb/v6-m/libg.a(lib_a-atexit.o)
                              /usr/lib/gcc/arm-none-eabi/7.3.1/../../../arm-none-eabi/lib/thumb/v6-m/crt0.o (atexit)
/usr/lib/gcc/arm-none-eabi/7.3.1/../../../arm-none-eabi/lib/thumb/v6-m/libg.a(lib_a-calloc.o)
                              CMakeFiles/Hexapod.dir/home/pi/Documents/pico/pico-sdk/src/rp2_common/pico_malloc/pico_malloc.c.obj (calloc)
/usr/lib/gcc/arm-none-eabi/7.3.1/../../../arm-none-eabi/lib/thumb/v6-m/libg.a(lib_a-callocr.o)
                              /usr/lib/gcc/arm-none-eabi/7.3.1/../../../arm-none-eabi/lib/thumb/v6-m/libg.a(lib_a-calloc.o) (_calloc_r)
/usr/lib/gcc/arm-none-eabi/7.3.1/../../../arm-none-eabi/lib/thumb/v6-m/libg.a(lib_a-ctype_.o)
                              CMakeFiles/Hexapod.dir/home/pi/Documents/pico/pico-sdk/lib/tinyusb/src/tusb.c.obj (_ctype_)
/usr/lib/gcc/arm-none-eabi/7.3.1/../../../arm-none-eabi/lib/thumb/v6-m/libg.a(lib_a-fini.o)
                              /usr/lib/gcc/arm-none-eabi/7.3.1/../../../arm-none-eabi/lib/thumb/v6-m/crt0.o (__libc_fini_array)
/usr/lib/gcc/arm-none-eabi/7.3.1/../../../arm-none-eabi/lib/thumb/v6-m/libg.a(lib_a-impure.o)
                              /usr/lib/gcc/arm-none-eabi/7.3.1/../../../arm-none-eabi/lib/thumb/v6-m/libg.a(lib_a-calloc.o) (_impure_ptr)
/usr/lib/gcc/arm-none-eabi/7.3.1/../../../arm-none-eabi/lib/thumb/v6-m/libg.a(lib_a-init.o)
                              /usr/lib/gcc/arm-none-eabi/7.3.1/../../../arm-none-eabi/lib/thumb/v6-m/crt0.o (__libc_init_array)
/usr/lib/gcc/arm-none-eabi/7.3.1/../../../arm-none-eabi/lib/thumb/v6-m/libg.a(lib_a-malloc.o)
                              CMakeFiles/Hexapod.dir/home/pi/Documents/pico/pico-sdk/src/rp2_common/pico_malloc/pico_malloc.c.obj (malloc)
/usr/lib/gcc/arm-none-eabi/7.3.1/../../../arm-none-eabi/lib/thumb/v6-m/libg.a(lib_a-mallocr.o)
                              /usr/lib/gcc/arm-none-eabi/7.3.1/../../../arm-none-eabi/lib/thumb/v6-m/libg.a(lib_a-callocr.o) (_malloc_r)
/usr/lib/gcc/arm-none-eabi/7.3.1/../../../arm-none-eabi/lib/thumb/v6-m/libg.a(lib_a-mlock.o)
                              /usr/lib/gcc/arm-none-eabi/7.3.1/../../../arm-none-eabi/lib/thumb/v6-m/libg.a(lib_a-mallocr.o) (__malloc_lock)
/usr/lib/gcc/arm-none-eabi/7.3.1/../../../arm-none-eabi/lib/thumb/v6-m/libg.a(lib_a-sbrkr.o)
                              /usr/lib/gcc/arm-none-eabi/7.3.1/../../../arm-none-eabi/lib/thumb/v6-m/libg.a(lib_a-mallocr.o) (_sbrk_r)
/usr/lib/gcc/arm-none-eabi/7.3.1/../../../arm-none-eabi/lib/thumb/v6-m/libg.a(lib_a-strlen-stub.o)
                              CMakeFiles/Hexapod.dir/home/pi/Documents/pico/pico-sdk/src/rp2_common/pico_stdio/stdio.c.obj (strlen)
/usr/lib/gcc/arm-none-eabi/7.3.1/../../../arm-none-eabi/lib/thumb/v6-m/libg.a(lib_a-__atexit.o)
                              /usr/lib/gcc/arm-none-eabi/7.3.1/../../../arm-none-eabi/lib/thumb/v6-m/libg.a(lib_a-atexit.o) (__register_exitproc)
/usr/lib/gcc/arm-none-eabi/7.3.1/../../../arm-none-eabi/lib/thumb/v6-m/libg.a(lib_a-freer.o)
                              /usr/lib/gcc/arm-none-eabi/7.3.1/../../../arm-none-eabi/lib/thumb/v6-m/libg.a(lib_a-malloc.o) (_free_r)
/usr/lib/gcc/arm-none-eabi/7.3.1/../../../arm-none-eabi/lib/thumb/v6-m/libg.a(lib_a-reent.o)
                              /usr/lib/gcc/arm-none-eabi/7.3.1/../../../arm-none-eabi/lib/thumb/v6-m/libg.a(lib_a-sbrkr.o) (errno)

Allocating common symbols
Common symbol       size              file

sf_table            0x100             CMakeFiles/Hexapod.dir/home/pi/Documents/pico/pico-sdk/src/rp2_common/pico_float/float_init_rom.c.obj
errno               0x4               /usr/lib/gcc/arm-none-eabi/7.3.1/../../../arm-none-eabi/lib/thumb/v6-m/libg.a(lib_a-reent.o)
_usbd_qdef_buf      0xc0              CMakeFiles/Hexapod.dir/home/pi/Documents/pico/pico-sdk/lib/tinyusb/src/device/usbd.c.obj
sf_clz_func         0x4               CMakeFiles/Hexapod.dir/home/pi/Documents/pico/pico-sdk/src/rp2_common/pico_float/float_init_rom.c.obj
sd_table            0x100             CMakeFiles/Hexapod.dir/home/pi/Documents/pico/pico-sdk/src/rp2_common/pico_double/double_init_rom.c.obj
uart_char_to_line_feed
                    0x4               CMakeFiles/Hexapod.dir/home/pi/Documents/pico/pico-sdk/src/rp2_common/hardware_uart/uart.c.obj

Discarded input sections

 .text          0x00000000        0x0 /usr/lib/gcc/arm-none-eabi/7.3.1/thumb/v6-m/crti.o
 .data          0x00000000        0x0 /usr/lib/gcc/arm-none-eabi/7.3.1/thumb/v6-m/crti.o
 .bss           0x00000000        0x0 /usr/lib/gcc/arm-none-eabi/7.3.1/thumb/v6-m/crti.o
 .data          0x00000000        0x4 /usr/lib/gcc/arm-none-eabi/7.3.1/thumb/v6-m/crtbegin.o
[...]
Memory Configuration

Name             Origin             Length             Attributes
FLASH            0x10000000         0x00200000         xr
RAM              0x20000000         0x00040000         xrw
SCRATCH_X        0x20040000         0x00001000         xrw
SCRATCH_Y        0x20041000         0x00001000         xrw
*default*        0x00000000         0xffffffff

Linker script and memory map

LOAD /usr/lib/gcc/arm-none-eabi/7.3.1/thumb/v6-m/crti.o
LOAD /usr/lib/gcc/arm-none-eabi/7.3.1/thumb/v6-m/crtbegin.o
LOAD /usr/lib/gcc/arm-none-eabi/7.3.1/../../../arm-none-eabi/lib/thumb/v6-m/crt0.o

.flash_begin    0x10000000        0x0
                0x10000000                __flash_binary_start = .

.boot2          0x10000000      0x100
                0x10000000                __boot2_start__ = .
 *(.boot2)
 .boot2         0x10000000      0x100 /tmp/ccCFTxPA.o
                0x10000100                __boot2_end__ = .
                0x00000001                ASSERT (((__boot2_end__ - __boot2_start__) == 0x100), ERROR: Pico second stage bootloader must be 256 bytes in size)

.text           0x10000100     0x74c8
                0x10000100                __logical_binary_start = .
 *(.vectors)
 .vectors       0x10000100       0xd4 CMakeFiles/Hexapod.dir/home/pi/Documents/pico/pico-sdk/src/rp2_common/pico_standard_link/crt0.S.obj
                0x10000100                __vectors
                0x10000100                __VECTOR_TABLE
                0x100001c0                isr_invalid
                0x100001c0                __default_isrs_start
                0x100001c2                isr_nmi
                0x100001c4                isr_hardfault
                0x100001c6                isr_svcall
                0x100001c8                isr_pendsv
                0x100001ca                isr_systick
                0x100001cc                isr_irq30
                0x100001cc                __unhandled_user_irq
                0x100001cc                isr_irq13
                0x100001cc                isr_irq27
                0x100001cc                isr_irq31
                0x100001cc                isr_irq5
                0x100001cc                isr_irq11
                0x100001cc                isr_irq23
                0x100001cc                isr_irq18
                0x100001cc                isr_irq28
                0x100001cc                isr_irq19
                0x100001cc                isr_irq0
                0x100001cc                isr_irq6
                0x100001cc                isr_irq22
                0x100001cc                isr_irq17
                0x100001cc                isr_irq14
                0x100001cc                isr_irq2
                0x100001cc                isr_irq10
                0x100001cc                isr_irq8
                0x100001cc                isr_irq24
                0x100001cc                isr_irq1
                0x100001cc                isr_irq7
                0x100001cc                isr_irq21
                0x100001cc                isr_irq20
                0x100001cc                isr_irq15
                0x100001cc                isr_irq25
                0x100001cc                isr_irq4
                0x100001cc                isr_irq16
                0x100001cc                isr_irq29
                0x100001cc                isr_irq26
                0x100001cc                __default_isrs_end
                0x100001cc                isr_irq3
                0x100001cc                isr_irq12
                0x100001cc                isr_irq9
                0x100001d2                unhandled_user_irq_num_in_r0
 *(.binary_info_header)
 .binary_info_header
                0x100001d4       0x14 CMakeFiles/Hexapod.dir/home/pi/Documents/pico/pico-sdk/src/rp2_common/pico_standard_link/crt0.S.obj
                0x100001e8                __binary_info_header_end = .
 *(.reset)
 .reset         0x100001e8       0xa8 CMakeFiles/Hexapod.dir/home/pi/Documents/pico/pico-sdk/src/rp2_common/pico_standard_link/crt0.S.obj
                0x100001e8                _entry_point
                0x10000266                __get_current_exception
 .reset         0x10000290       0x30 CMakeFiles/Hexapod.dir/home/pi/Documents/pico/pico-sdk/src/rp2_common/pico_standard_link/binary_info.c.obj
 *(.init)
 .init          0x100002c0        0x4 /usr/lib/gcc/arm-none-eabi/7.3.1/thumb/v6-m/crti.o
                0x100002c0                _init
 *(EXCLUDE_FILE(*libm.a: *libc.a:*lib_a-mem*.o *libgcc.a:) .text*)
 .text          0x100002c4       0x98 /usr/lib/gcc/arm-none-eabi/7.3.1/thumb/v6-m/crtbegin.o
 .text._Z14alarm_callbacklPv
                0x1000035c        0x6 CMakeFiles/Hexapod.dir/Hexapod.cpp.obj
                0x1000035c                alarm_callback(long, void*)
 *fill*         0x10000362        0x2 
 .text.main     0x10000364      0x14c CMakeFiles/Hexapod.dir/Hexapod.cpp.obj
                0x10000364                main
 .text.gpio_set_function
                0x100004b0       0x30 CMakeFiles/Hexapod.dir/home/pi/Documents/pico/pico-sdk/src/rp2_common/hardware_gpio/gpio.c.obj
                0x100004b0                gpio_set_function
 .text.gpio_set_pulls
                0x100004e0       0x34 CMakeFiles/Hexapod.dir/home/pi/Documents/pico/pico-sdk/src/rp2_common/hardware_gpio/gpio.c.obj
                0x100004e0                gpio_set_pulls
 .text.hw_claim_lock
                0x10000514       0x18 CMakeFiles/Hexapod.dir/home/pi/Documents/pico/pico-sdk/src/rp2_common/hardware_claim/claim.c.obj
                0x10000514                hw_claim_lock
 .text.hw_claim_unlock
                0x1000052c       0x14 CMakeFiles/Hexapod.dir/home/pi/Documents/pico/pico-sdk/src/rp2_common/hardware_claim/claim.c.obj
                0x1000052c                hw_claim_unlock
 .text.hw_claim_or_assert
                0x10000540       0x32 CMakeFiles/Hexapod.dir/home/pi/Documents/pico/pico-sdk/src/rp2_common/hardware_claim/claim.c.obj
                0x10000540                hw_claim_or_assert
 .text.hw_claim_unused_from_range
                0x10000572       0x50 CMakeFiles/Hexapod.dir/home/pi/Documents/pico/pico-sdk/src/rp2_common/hardware_claim/claim.c.obj
                0x10000572                hw_claim_unused_from_range
 *fill*         0x100005c2        0x2 
 .text.running_on_fpga
                0x100005c4       0x14 CMakeFiles/Hexapod.dir/home/pi/Documents/pico/pico-sdk/src/rp2_common/pico_platform/platform.c.obj
                0x100005c4                running_on_fpga
 .text.spin_locks_reset
                0x100005d8       0x20 CMakeFiles/Hexapod.dir/home/pi/Documents/pico/pico-sdk/src/rp2_common/hardware_sync/sync.c.obj
                0x100005d8                spin_locks_reset
 .text.next_striped_spin_lock_num
                0x100005f8       0x1c CMakeFiles/Hexapod.dir/home/pi/Documents/pico/pico-sdk/src/rp2_common/hardware_sync/sync.c.obj
                0x100005f8                next_striped_spin_lock_num
 .text.spin_lock_claim_unused
                0x10000614       0x20 CMakeFiles/Hexapod.dir/home/pi/Documents/pico/pico-sdk/src/rp2_common/hardware_sync/sync.c.obj
                0x10000614                spin_lock_claim_unused
 .text.uart_set_baudrate
                0x10000634       0x5c CMakeFiles/Hexapod.dir/home/pi/Documents/pico/pico-sdk/src/rp2_common/hardware_uart/uart.c.obj
                0x10000634                uart_set_baudrate
 .text.uart_set_translate_crlf
                0x10000690       0x28 CMakeFiles/Hexapod.dir/home/pi/Documents/pico/pico-sdk/src/rp2_common/hardware_uart/uart.c.obj
                0x10000690                uart_set_translate_crlf
 .text.uart_init
                0x100006b8       0x84 CMakeFiles/Hexapod.dir/home/pi/Documents/pico/pico-sdk/src/rp2_common/hardware_uart/uart.c.obj
                0x100006b8                uart_init
 .text.alarm_pool_post_alloc_init
                0x1000073c       0x40 CMakeFiles/Hexapod.dir/home/pi/Documents/pico/pico-sdk/src/common/pico_time/time.c.obj
 .text.sleep_until_callback
                0x1000077c       0x30 CMakeFiles/Hexapod.dir/home/pi/Documents/pico/pico-sdk/src/common/pico_time/time.c.obj
 .text.timer_pool_entry_comparator
                0x100007ac       0x7c CMakeFiles/Hexapod.dir/home/pi/Documents/pico/pico-sdk/src/common/pico_time/time.c.obj
                0x100007ac                timer_pool_entry_comparator
 .text.ph_add_child_node
                0x10000828       0xa4 CMakeFiles/Hexapod.dir/home/pi/Documents/pico/pico-sdk/src/common/pico_time/time.c.obj
 .text.ph_merge_nodes
                0x100008cc       0x3a CMakeFiles/Hexapod.dir/home/pi/Documents/pico/pico-sdk/src/common/pico_time/time.c.obj
 *fill*         0x10000906        0x2 
 .text.add_alarm_under_lock
                0x10000908      0x180 CMakeFiles/Hexapod.dir/home/pi/Documents/pico/pico-sdk/src/common/pico_time/time.c.obj
 .text.alarm_pool_alarm_callback
                0x10000a88      0x344 CMakeFiles/Hexapod.dir/home/pi/Documents/pico/pico-sdk/src/common/pico_time/time.c.obj
 .text.alarm_pool_init_default
                0x10000dcc       0x38 CMakeFiles/Hexapod.dir/home/pi/Documents/pico/pico-sdk/src/common/pico_time/time.c.obj
                0x10000dcc                alarm_pool_init_default
 .text.alarm_pool_get_default
                0x10000e04       0x2c CMakeFiles/Hexapod.dir/home/pi/Documents/pico/pico-sdk/src/common/pico_time/time.c.obj
                0x10000e04                alarm_pool_get_default
 .text.alarm_pool_add_alarm_at
                0x10000e30      0x168 CMakeFiles/Hexapod.dir/home/pi/Documents/pico/pico-sdk/src/common/pico_time/time.c.obj
                0x10000e30                alarm_pool_add_alarm_at
 .text.alarm_pool_cancel_alarm
                0x10000f98       0xec CMakeFiles/Hexapod.dir/home/pi/Documents/pico/pico-sdk/src/common/pico_time/time.c.obj
                0x10000f98                alarm_pool_cancel_alarm
 .text.sleep_until
                0x10001084       0xfc CMakeFiles/Hexapod.dir/home/pi/Documents/pico/pico-sdk/src/common/pico_time/time.c.obj
                0x10001084                sleep_until
 .text.sleep_us
                0x10001180       0x54 CMakeFiles/Hexapod.dir/home/pi/Documents/pico/pico-sdk/src/common/pico_time/time.c.obj
                0x10001180                sleep_us
 .text.sleep_ms
                0x100011d4       0x14 CMakeFiles/Hexapod.dir/home/pi/Documents/pico/pico-sdk/src/common/pico_time/time.c.obj
                0x100011d4                sleep_ms
 .text.best_effort_wfe_or_timeout
                0x100011e8       0x80 CMakeFiles/Hexapod.dir/home/pi/Documents/pico/pico-sdk/src/common/pico_time/time.c.obj
                0x100011e8                best_effort_wfe_or_timeout
 .text.hardware_alarm_irq_handler
                0x10001268       0x8c CMakeFiles/Hexapod.dir/home/pi/Documents/pico/pico-sdk/src/rp2_common/hardware_timer/timer.c.obj
 .text.hardware_alarm_claim
                0x100012f4       0x18 CMakeFiles/Hexapod.dir/home/pi/Documents/pico/pico-sdk/src/rp2_common/hardware_timer/timer.c.obj
                0x100012f4                hardware_alarm_claim
 .text.time_us_64
                0x1000130c       0x18 CMakeFiles/Hexapod.dir/home/pi/Documents/pico/pico-sdk/src/rp2_common/hardware_timer/timer.c.obj
                0x1000130c                time_us_64
 .text.busy_wait_until
                0x10001324       0x28 CMakeFiles/Hexapod.dir/home/pi/Documents/pico/pico-sdk/src/rp2_common/hardware_timer/timer.c.obj
                0x10001324                busy_wait_until
 .text.hardware_alarm_set_callback
                0x1000134c       0x90 CMakeFiles/Hexapod.dir/home/pi/Documents/pico/pico-sdk/src/rp2_common/hardware_timer/timer.c.obj
                0x1000134c                hardware_alarm_set_callback
 .text.hardware_alarm_set_target
                0x100013dc       0xe8 CMakeFiles/Hexapod.dir/home/pi/Documents/pico/pico-sdk/src/rp2_common/hardware_timer/timer.c.obj
                0x100013dc                hardware_alarm_set_target
 .text.hardware_alarm_cancel
                0x100014c4       0x40 CMakeFiles/Hexapod.dir/home/pi/Documents/pico/pico-sdk/src/rp2_common/hardware_timer/timer.c.obj
                0x100014c4                hardware_alarm_cancel
 .text.lock_init
                0x10001504       0x10 CMakeFiles/Hexapod.dir/home/pi/Documents/pico/pico-sdk/src/common/pico_sync/lock_core.c.obj
                0x10001504                lock_init
 .text.mutex_init_internal
                0x10001514       0x1e CMakeFiles/Hexapod.dir/home/pi/Documents/pico/pico-sdk/src/common/pico_sync/mutex.c.obj
 .text.mutex_init
                0x10001532        0xa CMakeFiles/Hexapod.dir/home/pi/Documents/pico/pico-sdk/src/common/pico_sync/mutex.c.obj
                0x10001532                mutex_init
 .text.recursive_mutex_init
                0x1000153c        0xa CMakeFiles/Hexapod.dir/home/pi/Documents/pico/pico-sdk/src/common/pico_sync/mutex.c.obj
                0x1000153c                recursive_mutex_init
 *fill*         0x10001546        0x2 
 .text.critical_section_init_with_lock_num
                0x10001548       0x14 CMakeFiles/Hexapod.dir/home/pi/Documents/pico/pico-sdk/src/common/pico_sync/critical_section.c.obj
                0x10001548                critical_section_init_with_lock_num
 .text.critical_section_init
                0x1000155c       0x14 CMakeFiles/Hexapod.dir/home/pi/Documents/pico/pico-sdk/src/common/pico_sync/critical_section.c.obj
                0x1000155c                critical_section_init
 .text.ph_add_child_node
                0x10001570       0xa4 CMakeFiles/Hexapod.dir/home/pi/Documents/pico/pico-sdk/src/common/pico_util/pheap.c.obj
 .text.ph_merge_nodes
                0x10001614       0x3a CMakeFiles/Hexapod.dir/home/pi/Documents/pico/pico-sdk/src/common/pico_util/pheap.c.obj
 *fill*         0x1000164e        0x2 
 .text.ph_clear
                0x10001650       0x70 CMakeFiles/Hexapod.dir/home/pi/Documents/pico/pico-sdk/src/common/pico_util/pheap.c.obj
                0x10001650                ph_clear
 .text.ph_post_alloc_init
                0x100016c0        0xe CMakeFiles/Hexapod.dir/home/pi/Documents/pico/pico-sdk/src/common/pico_util/pheap.c.obj
                0x100016c0                ph_post_alloc_init
 *fill*         0x100016ce        0x2 
 .text.ph_merge_two_pass
                0x100016d0       0xac CMakeFiles/Hexapod.dir/home/pi/Documents/pico/pico-sdk/src/common/pico_util/pheap.c.obj
                0x100016d0                ph_merge_two_pass
 .text.ph_remove_any_head
                0x1000177c      0x108 CMakeFiles/Hexapod.dir/home/pi/Documents/pico/pico-sdk/src/common/pico_util/pheap.c.obj
 .text.ph_remove_head
                0x10001884       0x14 CMakeFiles/Hexapod.dir/home/pi/Documents/pico/pico-sdk/src/common/pico_util/pheap.c.obj
                0x10001884                ph_remove_head
 .text.ph_remove_and_free_node
                0x10001898       0xf8 CMakeFiles/Hexapod.dir/home/pi/Documents/pico/pico-sdk/src/common/pico_util/pheap.c.obj
                0x10001898                ph_remove_and_free_node
 .text.runtime_init
                0x10001990       0xd8 CMakeFiles/Hexapod.dir/home/pi/Documents/pico/pico-sdk/src/rp2_common/pico_runtime/runtime.c.obj
                0x10001990                runtime_init
 .text._exit    0x10001a68        0x4 CMakeFiles/Hexapod.dir/home/pi/Documents/pico/pico-sdk/src/rp2_common/pico_runtime/runtime.c.obj
                0x10001a68                _exit
 .text.exit     0x10001a6c        0x6 CMakeFiles/Hexapod.dir/home/pi/Documents/pico/pico-sdk/src/rp2_common/pico_runtime/runtime.c.obj
                0x10001a6c                exit
 *fill*         0x10001a72        0x2 
 .text.__assert_func
                0x10001a74       0x3c CMakeFiles/Hexapod.dir/home/pi/Documents/pico/pico-sdk/src/rp2_common/pico_runtime/runtime.c.obj
                0x10001a74                __assert_func
 .text.panic    0x10001ab0       0x30 CMakeFiles/Hexapod.dir/home/pi/Documents/pico/pico-sdk/src/rp2_common/pico_runtime/runtime.c.obj
                0x10001ab0                panic
 .text.clock_configure
                0x10001ae0       0xfc CMakeFiles/Hexapod.dir/home/pi/Documents/pico/pico-sdk/src/rp2_common/hardware_clocks/clocks.c.obj
                0x10001ae0                clock_configure
 .text.clocks_init
                0x10001bdc      0x100 CMakeFiles/Hexapod.dir/home/pi/Documents/pico/pico-sdk/src/rp2_common/hardware_clocks/clocks.c.obj
                0x10001bdc                clocks_init
 .text.clock_get_hz
                0x10001cdc        0xc CMakeFiles/Hexapod.dir/home/pi/Documents/pico/pico-sdk/src/rp2_common/hardware_clocks/clocks.c.obj
                0x10001cdc                clock_get_hz
 .text.set_raw_irq_handler_and_unlock
                0x10001ce8       0x28 CMakeFiles/Hexapod.dir/home/pi/Documents/pico/pico-sdk/src/rp2_common/hardware_irq/irq.c.obj
 .text.make_branch
                0x10001d10       0x34 CMakeFiles/Hexapod.dir/home/pi/Documents/pico/pico-sdk/src/rp2_common/hardware_irq/irq.c.obj
 .text.insert_branch_and_link
                0x10001d44       0x40 CMakeFiles/Hexapod.dir/home/pi/Documents/pico/pico-sdk/src/rp2_common/hardware_irq/irq.c.obj
 .text.irq_is_enabled
                0x10001d84       0x18 CMakeFiles/Hexapod.dir/home/pi/Documents/pico/pico-sdk/src/rp2_common/hardware_irq/irq.c.obj
                0x10001d84                irq_is_enabled
 .text.irq_set_mask_enabled
                0x10001d9c       0x20 CMakeFiles/Hexapod.dir/home/pi/Documents/pico/pico-sdk/src/rp2_common/hardware_irq/irq.c.obj
                0x10001d9c                irq_set_mask_enabled
 .text.irq_set_enabled
                0x10001dbc        0xe CMakeFiles/Hexapod.dir/home/pi/Documents/pico/pico-sdk/src/rp2_common/hardware_irq/irq.c.obj
                0x10001dbc                irq_set_enabled
 *fill*         0x10001dca        0x2 
 .text.irq_set_pending
                0x10001dcc       0x10 CMakeFiles/Hexapod.dir/home/pi/Documents/pico/pico-sdk/src/rp2_common/hardware_irq/irq.c.obj
                0x10001dcc                irq_set_pending
 .text.irq_get_vtable_handler
                0x10001ddc       0x10 CMakeFiles/Hexapod.dir/home/pi/Documents/pico/pico-sdk/src/rp2_common/hardware_irq/irq.c.obj
                0x10001ddc                irq_get_vtable_handler
 .text.irq_set_exclusive_handler
                0x10001dec       0x54 CMakeFiles/Hexapod.dir/home/pi/Documents/pico/pico-sdk/src/rp2_common/hardware_irq/irq.c.obj
                0x10001dec                irq_set_exclusive_handler
 .text.irq_remove_handler
                0x10001e40      0x1b4 CMakeFiles/Hexapod.dir/home/pi/Documents/pico/pico-sdk/src/rp2_common/hardware_irq/irq.c.obj
                0x10001e40                irq_remove_handler
 .text.irq_set_priority
                0x10001ff4       0x28 CMakeFiles/Hexapod.dir/home/pi/Documents/pico/pico-sdk/src/rp2_common/hardware_irq/irq.c.obj
                0x10001ff4                irq_set_priority
 .text.irq_add_tail_to_free_list
                0x1000201c       0xf0 CMakeFiles/Hexapod.dir/home/pi/Documents/pico/pico-sdk/src/rp2_common/hardware_irq/irq.c.obj
                0x1000201c                irq_add_tail_to_free_list
 .text.irq_init_priorities
                0x1000210c       0x16 CMakeFiles/Hexapod.dir/home/pi/Documents/pico/pico-sdk/src/rp2_common/hardware_irq/irq.c.obj
                0x1000210c                irq_init_priorities
 *fill*         0x10002122        0x2 
 .text.pll_init
                0x10002124      0x118 CMakeFiles/Hexapod.dir/home/pi/Documents/pico/pico-sdk/src/rp2_common/hardware_pll/pll.c.obj
                0x10002124                pll_init
 .text.watchdog_start_tick
                0x1000223c       0x10 CMakeFiles/Hexapod.dir/home/pi/Documents/pico/pico-sdk/src/rp2_common/hardware_watchdog/watchdog.c.obj
                0x1000223c                watchdog_start_tick
 .text.watchdog_update
                0x1000224c       0x14 CMakeFiles/Hexapod.dir/home/pi/Documents/pico/pico-sdk/src/rp2_common/hardware_watchdog/watchdog.c.obj
                0x1000224c                watchdog_update
 .text._watchdog_enable
                0x10002260       0x6c CMakeFiles/Hexapod.dir/home/pi/Documents/pico/pico-sdk/src/rp2_common/hardware_watchdog/watchdog.c.obj
                0x10002260                _watchdog_enable
 .text.watchdog_reboot
                0x100022cc       0x44 CMakeFiles/Hexapod.dir/home/pi/Documents/pico/pico-sdk/src/rp2_common/hardware_watchdog/watchdog.c.obj
                0x100022cc                watchdog_reboot
 .text.xosc_init
                0x10002310       0x28 CMakeFiles/Hexapod.dir/home/pi/Documents/pico/pico-sdk/src/rp2_common/hardware_xosc/xosc.c.obj
                0x10002310                xosc_init
 .text._out_null
                0x10002338        0x2 CMakeFiles/Hexapod.dir/home/pi/Documents/pico/pico-sdk/src/rp2_common/pico_printf/printf.c.obj
 .text._out_fct
                0x1000233a        0xe CMakeFiles/Hexapod.dir/home/pi/Documents/pico/pico-sdk/src/rp2_common/pico_printf/printf.c.obj
 .text._atoi    0x10002348       0x24 CMakeFiles/Hexapod.dir/home/pi/Documents/pico/pico-sdk/src/rp2_common/pico_printf/printf.c.obj
 .text._out_rev
                0x1000236c       0x8c CMakeFiles/Hexapod.dir/home/pi/Documents/pico/pico-sdk/src/rp2_common/pico_printf/printf.c.obj
 .text._ntoa_format
                0x100023f8      0x112 CMakeFiles/Hexapod.dir/home/pi/Documents/pico/pico-sdk/src/rp2_common/pico_printf/printf.c.obj
 .text._ntoa_long
                0x1000250a       0x9e CMakeFiles/Hexapod.dir/home/pi/Documents/pico/pico-sdk/src/rp2_common/pico_printf/printf.c.obj
 .text._ntoa_long_long
                0x100025a8       0xe2 CMakeFiles/Hexapod.dir/home/pi/Documents/pico/pico-sdk/src/rp2_common/pico_printf/printf.c.obj
 *fill*         0x1000268a        0x2 
 .text._etoa    0x1000268c      0x424 CMakeFiles/Hexapod.dir/home/pi/Documents/pico/pico-sdk/src/rp2_common/pico_printf/printf.c.obj
 .text._ftoa    0x10002ab0      0x340 CMakeFiles/Hexapod.dir/home/pi/Documents/pico/pico-sdk/src/rp2_common/pico_printf/printf.c.obj
 .text._vsnprintf
                0x10002df0      0x640 CMakeFiles/Hexapod.dir/home/pi/Documents/pico/pico-sdk/src/rp2_common/pico_printf/printf.c.obj
 .text.vfctprintf
                0x10003430       0x20 CMakeFiles/Hexapod.dir/home/pi/Documents/pico/pico-sdk/src/rp2_common/pico_printf/printf.c.obj
                0x10003430                vfctprintf
 .text          0x10003450       0x10 CMakeFiles/Hexapod.dir/home/pi/Documents/pico/pico-sdk/src/rp2_common/pico_bit_ops/bit_ops_aeabi.S.obj
 .text.rom_func_lookup
                0x10003460       0x10 CMakeFiles/Hexapod.dir/home/pi/Documents/pico/pico-sdk/src/rp2_common/pico_bootrom/bootrom.c.obj
                0x10003460                rom_func_lookup
 .text.rom_data_lookup
                0x10003470       0x10 CMakeFiles/Hexapod.dir/home/pi/Documents/pico/pico-sdk/src/rp2_common/pico_bootrom/bootrom.c.obj
                0x10003470                rom_data_lookup
 .text.rom_funcs_lookup
                0x10003480       0x36 CMakeFiles/Hexapod.dir/home/pi/Documents/pico/pico-sdk/src/rp2_common/pico_bootrom/bootrom.c.obj
                0x10003480                rom_funcs_lookup
 *fill*         0x100034b6        0x2 
 .text.__wrap___aeabi_idiv
                0x100034b8       0x50 CMakeFiles/Hexapod.dir/home/pi/Documents/pico/pico-sdk/src/rp2_common/pico_divider/divider.S.obj
                0x100034b8                __wrap___aeabi_idivmod
                0x100034b8                divmod_s32s32
                0x100034b8                div_s32s32
                0x100034b8                __wrap___aeabi_idiv
                0x100034c0                divmod_s32s32_unsafe
                0x100034ec                divmod_s32s32_savestate
 .text.__wrap___aeabi_uidiv
                0x10003508       0x4c CMakeFiles/Hexapod.dir/home/pi/Documents/pico/pico-sdk/src/rp2_common/pico_divider/divider.S.obj
                0x10003508                __wrap___aeabi_uidiv
                0x10003508                __wrap___aeabi_uidivmod
                0x10003508                div_u32u32
                0x10003508                divmod_u32u32
                0x10003510                divmod_u32u32_unsafe
                0x10003538                divmod_u32u32_savestate
 .text.__wrap___aeabi_ldiv
                0x10003554      0x430 CMakeFiles/Hexapod.dir/home/pi/Documents/pico/pico-sdk/src/rp2_common/pico_divider/divider.S.obj
                0x10003554                div_s64s64
                0x10003554                divmod_s64s64
                0x10003554                __wrap___aeabi_ldivmod
                0x1000358c                div_u64u64
                0x1000358c                divmod_u64u64
                0x1000358c                __wrap___aeabi_uldivmod
                0x1000359c                divmod_u64u64_savestate
                0x100035c4                divmod_s64s64_unsafe
                0x1000364c                divmod_u64u64_unsafe
 .text.__wrap___aeabi_darithmetic
                0x10003984       0x80 CMakeFiles/Hexapod.dir/home/pi/Documents/pico/pico-sdk/src/rp2_common/pico_double/double_aeabi.S.obj
                0x10003984                __wrap___aeabi_drsub
                0x1000398a                __wrap___aeabi_dsub
                0x1000399c                __wrap___aeabi_dadd
                0x100039ae                __wrap___aeabi_ddiv
                0x100039ea                __wrap___aeabi_dmul
 .text.__wrap___aeabi_cdcmple
                0x10003a04       0x6c CMakeFiles/Hexapod.dir/home/pi/Documents/pico/pico-sdk/src/rp2_common/pico_double/double_aeabi.S.obj
                0x10003a04                __wrap___aeabi_cdrcmple
                0x10003a14                __wrap___aeabi_cdcmple
                0x10003a14                __wrap___aeabi_cdcmpeq
 .text.__wrap___aeabi_dcmplt
                0x10003a70        0xc CMakeFiles/Hexapod.dir/home/pi/Documents/pico/pico-sdk/src/rp2_common/pico_double/double_aeabi.S.obj
                0x10003a70                __wrap___aeabi_dcmplt
 .text.__wrap___aeabi_dcmple
                0x10003a7c       0x10 CMakeFiles/Hexapod.dir/home/pi/Documents/pico/pico-sdk/src/rp2_common/pico_double/double_aeabi.S.obj
                0x10003a7c                __wrap___aeabi_dcmple
 .text.__wrap___aeabi_dcmpge
                0x10003a8c       0x10 CMakeFiles/Hexapod.dir/home/pi/Documents/pico/pico-sdk/src/rp2_common/pico_double/double_aeabi.S.obj
                0x10003a8c                __wrap___aeabi_dcmpge
 .text.__wrap___aeabi_dcmpgt
                0x10003a9c        0xa CMakeFiles/Hexapod.dir/home/pi/Documents/pico/pico-sdk/src/rp2_common/pico_double/double_aeabi.S.obj
                0x10003a9c                __wrap___aeabi_dcmpgt
 .text.__wrap___aeabi_dcmpun
                0x10003aa6       0x1c CMakeFiles/Hexapod.dir/home/pi/Documents/pico/pico-sdk/src/rp2_common/pico_double/double_aeabi.S.obj
                0x10003aa6                __wrap___aeabi_dcmpun
 *fill*         0x10003ac2        0x2 
 .text.__wrap___aeabi_i2d
                0x10003ac4       0x38 CMakeFiles/Hexapod.dir/home/pi/Documents/pico/pico-sdk/src/rp2_common/pico_double/double_aeabi.S.obj
                0x10003ac4                __wrap___aeabi_ui2d
                0x10003acc                __wrap___aeabi_i2d
 .text.__wrap___aeabi_d2iz
                0x10003afc       0x48 CMakeFiles/Hexapod.dir/home/pi/Documents/pico/pico-sdk/src/rp2_common/pico_double/double_aeabi.S.obj
                0x10003afc                __wrap___aeabi_d2iz
                0x10003afc                double2int_z
 .text.__wrap___aeabi_d2uiz
                0x10003b44       0x18 CMakeFiles/Hexapod.dir/home/pi/Documents/pico/pico-sdk/src/rp2_common/pico_double/double_aeabi.S.obj
                0x10003b44                double2uint
                0x10003b44                __wrap___aeabi_d2uiz
 .text.__aeabi_double_init
                0x10003b5c       0xb8 CMakeFiles/Hexapod.dir/home/pi/Documents/pico/pico-sdk/src/rp2_common/pico_double/double_init_rom.c.obj
                0x10003b5c                __aeabi_double_init
 .text.double_table_shim_on_use_helper
                0x10003c14       0x34 CMakeFiles/Hexapod.dir/home/pi/Documents/pico/pico-sdk/src/rp2_common/pico_double/double_v1_rom_shim.S.obj
                0x10003c14                double_table_shim_on_use_helper
 .text.__wrap___aeabi_dsub
                0x10003c48       0x10 CMakeFiles/Hexapod.dir/home/pi/Documents/pico/pico-sdk/src/rp2_common/pico_double/double_v1_rom_shim.S.obj
                0x10003c48                drsub_shim
                0x10003c4e                dsub_shim
 .text.dadd_shim
                0x10003c58      0x15c CMakeFiles/Hexapod.dir/home/pi/Documents/pico/pico-sdk/src/rp2_common/pico_double/double_v1_rom_shim.S.obj
                0x10003c58                dadd_shim
 .text.dmul_shim
                0x10003db4      0x15c CMakeFiles/Hexapod.dir/home/pi/Documents/pico/pico-sdk/src/rp2_common/pico_double/double_v1_rom_shim.S.obj
                0x10003db4                dmul_shim
 .text.ddiv_shim
                0x10003f10      0x1b0 CMakeFiles/Hexapod.dir/home/pi/Documents/pico/pico-sdk/src/rp2_common/pico_double/double_v1_rom_shim.S.obj
                0x10003f10                ddiv_shim
 .text.dcordic_rot_step
                0x100040c0       0x7c CMakeFiles/Hexapod.dir/home/pi/Documents/pico/pico-sdk/src/rp2_common/pico_double/double_v1_rom_shim.S.obj
                0x100040c0                dcordic_rot_step
 .text.double2uint_shim
                0x1000413c        0xe CMakeFiles/Hexapod.dir/home/pi/Documents/pico/pico-sdk/src/rp2_common/pico_double/double_v1_rom_shim.S.obj
                0x1000413c                double2uint_shim
                0x1000413e                double2ufix_shim
 *fill*         0x1000414a        0x2 
 .text.double2uint64_shim
                0x1000414c       0x6c CMakeFiles/Hexapod.dir/home/pi/Documents/pico/pico-sdk/src/rp2_common/pico_double/double_v1_rom_shim.S.obj
                0x1000414c                double2uint64_shim
                0x1000414e                double2ufix64_shim
                0x10004168                d2fix_a
 .text.dunpacks
                0x100041b8       0x3c CMakeFiles/Hexapod.dir/home/pi/Documents/pico/pico-sdk/src/rp2_common/pico_double/double_v1_rom_shim.S.obj
                0x100041b8                dunpacks
 .text.__aeabi_lmul
                0x100041f4       0x32 CMakeFiles/Hexapod.dir/home/pi/Documents/pico/pico-sdk/src/rp2_common/pico_int64_ops/pico_int64_ops_aeabi.S.obj
                0x100041f4                __wrap___aeabi_lmul
 *fill*         0x10004226        0x2 
 .text.__aeabi_float_init
                0x10004228       0xfc CMakeFiles/Hexapod.dir/home/pi/Documents/pico/pico-sdk/src/rp2_common/pico_float/float_init_rom.c.obj
                0x10004228                __aeabi_float_init
 .text.float_table_shim_on_use_helper
                0x10004324       0x34 CMakeFiles/Hexapod.dir/home/pi/Documents/pico/pico-sdk/src/rp2_common/pico_float/float_v1_rom_shim.S.obj
                0x10004324                float_table_shim_on_use_helper
 .text          0x10004358       0x10 CMakeFiles/Hexapod.dir/home/pi/Documents/pico/pico-sdk/src/rp2_common/pico_mem_ops/mem_ops_aeabi.S.obj
                0x10004358                __aeabi_mem_init
 .text.memset   0x10004368        0xc CMakeFiles/Hexapod.dir/home/pi/Documents/pico/pico-sdk/src/rp2_common/pico_mem_ops/mem_ops_aeabi.S.obj
                0x10004368                __wrap_memset
 .text.memcpy   0x10004374        0xc CMakeFiles/Hexapod.dir/home/pi/Documents/pico/pico-sdk/src/rp2_common/pico_mem_ops/mem_ops_aeabi.S.obj
                0x10004374                __wrap___aeabi_memcpy
                0x10004374                __wrap_memcpy
 .text.stdio_out_chars_crlf
                0x10004380       0x80 CMakeFiles/Hexapod.dir/home/pi/Documents/pico/pico-sdk/src/rp2_common/pico_stdio/stdio.c.obj
 .text.stdio_stack_buffer_flush
                0x10004400       0x44 CMakeFiles/Hexapod.dir/home/pi/Documents/pico/pico-sdk/src/rp2_common/pico_stdio/stdio.c.obj
 .text.stdio_buffered_printer
                0x10004444       0x20 CMakeFiles/Hexapod.dir/home/pi/Documents/pico/pico-sdk/src/rp2_common/pico_stdio/stdio.c.obj
 .text.stdout_serialize_begin
                0x10004464       0x30 CMakeFiles/Hexapod.dir/home/pi/Documents/pico/pico-sdk/src/rp2_common/pico_stdio/stdio.c.obj
                0x10004464                stdout_serialize_begin
 .text.stdout_serialize_end
                0x10004494       0x10 CMakeFiles/Hexapod.dir/home/pi/Documents/pico/pico-sdk/src/rp2_common/pico_stdio/stdio.c.obj
                0x10004494                stdout_serialize_end
 .text.stdio_put_string
                0x100044a4       0x78 CMakeFiles/Hexapod.dir/home/pi/Documents/pico/pico-sdk/src/rp2_common/pico_stdio/stdio.c.obj
 .text.stdio_set_driver_enabled
                0x1000451c       0x38 CMakeFiles/Hexapod.dir/home/pi/Documents/pico/pico-sdk/src/rp2_common/pico_stdio/stdio.c.obj
                0x1000451c                stdio_set_driver_enabled
 .text.stdio_flush
                0x10004554       0x20 CMakeFiles/Hexapod.dir/home/pi/Documents/pico/pico-sdk/src/rp2_common/pico_stdio/stdio.c.obj
                0x10004554                stdio_flush
 .text.__wrap_puts
                0x10004574       0x1c CMakeFiles/Hexapod.dir/home/pi/Documents/pico/pico-sdk/src/rp2_common/pico_stdio/stdio.c.obj
                0x10004574                __wrap_puts
 .text.__wrap_vprintf
                0x10004590       0x44 CMakeFiles/Hexapod.dir/home/pi/Documents/pico/pico-sdk/src/rp2_common/pico_stdio/stdio.c.obj
                0x10004590                __wrap_vprintf
 .text.__wrap_printf
                0x100045d4       0x18 CMakeFiles/Hexapod.dir/home/pi/Documents/pico/pico-sdk/src/rp2_common/pico_stdio/stdio.c.obj
                0x100045d4                __wrap_printf
 .text.stdio_init_all
                0x100045ec        0xc CMakeFiles/Hexapod.dir/home/pi/Documents/pico/pico-sdk/src/rp2_common/pico_stdio/stdio.c.obj
                0x100045ec                stdio_init_all
 .text.stdio_uart_out_chars
                0x100045f8       0x70 CMakeFiles/Hexapod.dir/home/pi/Documents/pico/pico-sdk/src/rp2_common/pico_stdio_uart/stdio_uart.c.obj
 .text.stdio_uart_in_chars
                0x10004668       0x50 CMakeFiles/Hexapod.dir/home/pi/Documents/pico/pico-sdk/src/rp2_common/pico_stdio_uart/stdio_uart.c.obj
                0x10004668                stdio_uart_in_chars
 .text.stdio_uart_init_full
                0x100046b8       0x3c CMakeFiles/Hexapod.dir/home/pi/Documents/pico/pico-sdk/src/rp2_common/pico_stdio_uart/stdio_uart.c.obj
                0x100046b8                stdio_uart_init_full
 .text.stdio_uart_init
                0x100046f4       0x28 CMakeFiles/Hexapod.dir/home/pi/Documents/pico/pico-sdk/src/rp2_common/pico_stdio_uart/stdio_uart.c.obj
                0x100046f4                stdio_uart_init
 .text.resetd_init
                0x1000471c        0x2 CMakeFiles/Hexapod.dir/home/pi/Documents/pico/pico-sdk/src/rp2_common/pico_stdio_usb/reset_interface.c.obj
 *fill*         0x1000471e        0x2 
 .text.resetd_reset
                0x10004720        0xc CMakeFiles/Hexapod.dir/home/pi/Documents/pico/pico-sdk/src/rp2_common/pico_stdio_usb/reset_interface.c.obj
 .text.resetd_open
                0x1000472c       0x34 CMakeFiles/Hexapod.dir/home/pi/Documents/pico/pico-sdk/src/rp2_common/pico_stdio_usb/reset_interface.c.obj
 .text.resetd_xfer_cb
                0x10004760        0x4 CMakeFiles/Hexapod.dir/home/pi/Documents/pico/pico-sdk/src/rp2_common/pico_stdio_usb/reset_interface.c.obj
 .text.resetd_control_xfer_cb
                0x10004764       0x6c CMakeFiles/Hexapod.dir/home/pi/Documents/pico/pico-sdk/src/rp2_common/pico_stdio_usb/reset_interface.c.obj
 .text.usbd_app_driver_get_cb
                0x100047d0        0xc CMakeFiles/Hexapod.dir/home/pi/Documents/pico/pico-sdk/src/rp2_common/pico_stdio_usb/reset_interface.c.obj
                0x100047d0                usbd_app_driver_get_cb
 .text.tud_cdc_line_coding_cb
                0x100047dc       0x34 CMakeFiles/Hexapod.dir/home/pi/Documents/pico/pico-sdk/src/rp2_common/pico_stdio_usb/reset_interface.c.obj
                0x100047dc                tud_cdc_line_coding_cb
 .text.stdio_usb_in_chars
                0x10004810       0x70 CMakeFiles/Hexapod.dir/home/pi/Documents/pico/pico-sdk/src/rp2_common/pico_stdio_usb/stdio_usb.c.obj
                0x10004810                stdio_usb_in_chars
 .text.low_priority_worker_irq
                0x10004880       0x20 CMakeFiles/Hexapod.dir/home/pi/Documents/pico/pico-sdk/src/rp2_common/pico_stdio_usb/stdio_usb.c.obj
 .text.stdio_usb_out_chars
                0x100048a0       0xd4 CMakeFiles/Hexapod.dir/home/pi/Documents/pico/pico-sdk/src/rp2_common/pico_stdio_usb/stdio_usb.c.obj
 .text.timer_task
                0x10004974       0x10 CMakeFiles/Hexapod.dir/home/pi/Documents/pico/pico-sdk/src/rp2_common/pico_stdio_usb/stdio_usb.c.obj
 .text.stdio_usb_init
                0x10004984       0xb4 CMakeFiles/Hexapod.dir/home/pi/Documents/pico/pico-sdk/src/rp2_common/pico_stdio_usb/stdio_usb.c.obj
                0x10004984                stdio_usb_init
 .text.tud_descriptor_device_cb
                0x10004a38        0x8 CMakeFiles/Hexapod.dir/home/pi/Documents/pico/pico-sdk/src/rp2_common/pico_stdio_usb/stdio_usb_descriptors.c.obj
                0x10004a38                tud_descriptor_device_cb
 .text.tud_descriptor_configuration_cb
                0x10004a40        0x8 CMakeFiles/Hexapod.dir/home/pi/Documents/pico/pico-sdk/src/rp2_common/pico_stdio_usb/stdio_usb_descriptors.c.obj
                0x10004a40                tud_descriptor_configuration_cb
 .text.tud_descriptor_string_cb
                0x10004a48       0x68 CMakeFiles/Hexapod.dir/home/pi/Documents/pico/pico-sdk/src/rp2_common/pico_stdio_usb/stdio_usb_descriptors.c.obj
                0x10004a48                tud_descriptor_string_cb
 .text.hw_endpoint_get_by_addr
                0x10004ab0       0x18 CMakeFiles/Hexapod.dir/home/pi/Documents/pico/pico-sdk/lib/tinyusb/src/portable/raspberrypi/rp2040/dcd_rp2040.c.obj
 .text.reset_ep0
                0x10004ac8       0x2c CMakeFiles/Hexapod.dir/home/pi/Documents/pico/pico-sdk/lib/tinyusb/src/portable/raspberrypi/rp2040/dcd_rp2040.c.obj
 .text._hw_endpoint_alloc
                0x10004af4       0x80 CMakeFiles/Hexapod.dir/home/pi/Documents/pico/pico-sdk/lib/tinyusb/src/portable/raspberrypi/rp2040/dcd_rp2040.c.obj
 .text._hw_endpoint_init
                0x10004b74       0xbc CMakeFiles/Hexapod.dir/home/pi/Documents/pico/pico-sdk/lib/tinyusb/src/portable/raspberrypi/rp2040/dcd_rp2040.c.obj
 .text.hw_endpoint_init
                0x10004c30       0x18 CMakeFiles/Hexapod.dir/home/pi/Documents/pico/pico-sdk/lib/tinyusb/src/portable/raspberrypi/rp2040/dcd_rp2040.c.obj
 .text.hw_handle_buff_status
                0x10004c48       0xb4 CMakeFiles/Hexapod.dir/home/pi/Documents/pico/pico-sdk/lib/tinyusb/src/portable/raspberrypi/rp2040/dcd_rp2040.c.obj
 .text.dcd_rp2040_irq
                0x10004cfc       0xa4 CMakeFiles/Hexapod.dir/home/pi/Documents/pico/pico-sdk/lib/tinyusb/src/portable/raspberrypi/rp2040/dcd_rp2040.c.obj
 .text.hw_endpoint_xfer
                0x10004da0       0x18 CMakeFiles/Hexapod.dir/home/pi/Documents/pico/pico-sdk/lib/tinyusb/src/portable/raspberrypi/rp2040/dcd_rp2040.c.obj
 .text.ep0_0len_status
                0x10004db8       0x14 CMakeFiles/Hexapod.dir/home/pi/Documents/pico/pico-sdk/lib/tinyusb/src/portable/raspberrypi/rp2040/dcd_rp2040.c.obj
 .text._hw_endpoint_stall
                0x10004dcc       0x54 CMakeFiles/Hexapod.dir/home/pi/Documents/pico/pico-sdk/lib/tinyusb/src/portable/raspberrypi/rp2040/dcd_rp2040.c.obj
 .text.hw_endpoint_stall
                0x10004e20        0xc CMakeFiles/Hexapod.dir/home/pi/Documents/pico/pico-sdk/lib/tinyusb/src/portable/raspberrypi/rp2040/dcd_rp2040.c.obj
 .text._hw_endpoint_clear_stall
                0x10004e2c       0x34 CMakeFiles/Hexapod.dir/home/pi/Documents/pico/pico-sdk/lib/tinyusb/src/portable/raspberrypi/rp2040/dcd_rp2040.c.obj
 .text.hw_endpoint_clear_stall
                0x10004e60        0xc CMakeFiles/Hexapod.dir/home/pi/Documents/pico/pico-sdk/lib/tinyusb/src/portable/raspberrypi/rp2040/dcd_rp2040.c.obj
 .text.dcd_int_enable
                0x10004e6c       0x2c CMakeFiles/Hexapod.dir/home/pi/Documents/pico/pico-sdk/lib/tinyusb/src/portable/raspberrypi/rp2040/dcd_rp2040.c.obj
                0x10004e6c                dcd_int_enable
 .text.dcd_set_address
                0x10004e98       0x28 CMakeFiles/Hexapod.dir/home/pi/Documents/pico/pico-sdk/lib/tinyusb/src/portable/raspberrypi/rp2040/dcd_rp2040.c.obj
                0x10004e98                dcd_set_address
 .text.dcd_connect
                0x10004ec0       0x30 CMakeFiles/Hexapod.dir/home/pi/Documents/pico/pico-sdk/lib/tinyusb/src/portable/raspberrypi/rp2040/dcd_rp2040.c.obj
                0x10004ec0                dcd_connect
 .text.dcd_init
                0x10004ef0       0x84 CMakeFiles/Hexapod.dir/home/pi/Documents/pico/pico-sdk/lib/tinyusb/src/portable/raspberrypi/rp2040/dcd_rp2040.c.obj
                0x10004ef0                dcd_init
 .text.dcd_edpt0_status_complete
                0x10004f74       0x40 CMakeFiles/Hexapod.dir/home/pi/Documents/pico/pico-sdk/lib/tinyusb/src/portable/raspberrypi/rp2040/dcd_rp2040.c.obj
                0x10004f74                dcd_edpt0_status_complete
 .text.dcd_edpt_open
                0x10004fb4       0x40 CMakeFiles/Hexapod.dir/home/pi/Documents/pico/pico-sdk/lib/tinyusb/src/portable/raspberrypi/rp2040/dcd_rp2040.c.obj
                0x10004fb4                dcd_edpt_open
 .text.dcd_edpt_xfer
                0x10004ff4       0x34 CMakeFiles/Hexapod.dir/home/pi/Documents/pico/pico-sdk/lib/tinyusb/src/portable/raspberrypi/rp2040/dcd_rp2040.c.obj
                0x10004ff4                dcd_edpt_xfer
 .text.dcd_edpt_stall
                0x10005028       0x28 CMakeFiles/Hexapod.dir/home/pi/Documents/pico/pico-sdk/lib/tinyusb/src/portable/raspberrypi/rp2040/dcd_rp2040.c.obj
                0x10005028                dcd_edpt_stall
 .text.dcd_edpt_clear_stall
                0x10005050       0x2c CMakeFiles/Hexapod.dir/home/pi/Documents/pico/pico-sdk/lib/tinyusb/src/portable/raspberrypi/rp2040/dcd_rp2040.c.obj
                0x10005050                dcd_edpt_clear_stall
 .text.rp2040_usb_init
                0x1000507c       0x50 CMakeFiles/Hexapod.dir/home/pi/Documents/pico/pico-sdk/lib/tinyusb/src/portable/raspberrypi/rp2040/rp2040_usb.c.obj
                0x1000507c                rp2040_usb_init
 .text.hw_endpoint_reset_transfer
                0x100050cc       0x10 CMakeFiles/Hexapod.dir/home/pi/Documents/pico/pico-sdk/lib/tinyusb/src/portable/raspberrypi/rp2040/rp2040_usb.c.obj
                0x100050cc                hw_endpoint_reset_transfer
 .text._hw_endpoint_buffer_control_update32
                0x100050dc       0x58 CMakeFiles/Hexapod.dir/home/pi/Documents/pico/pico-sdk/lib/tinyusb/src/portable/raspberrypi/rp2040/rp2040_usb.c.obj
                0x100050dc                _hw_endpoint_buffer_control_update32
 .text._hw_endpoint_start_next_buffer
                0x10005134       0x50 CMakeFiles/Hexapod.dir/home/pi/Documents/pico/pico-sdk/lib/tinyusb/src/portable/raspberrypi/rp2040/rp2040_usb.c.obj
                0x10005134                _hw_endpoint_start_next_buffer
 .text._hw_endpoint_xfer_start
                0x10005184       0x3e CMakeFiles/Hexapod.dir/home/pi/Documents/pico/pico-sdk/lib/tinyusb/src/portable/raspberrypi/rp2040/rp2040_usb.c.obj
                0x10005184                _hw_endpoint_xfer_start
 *fill*         0x100051c2        0x2 
 .text._hw_endpoint_xfer_sync
                0x100051c4       0x74 CMakeFiles/Hexapod.dir/home/pi/Documents/pico/pico-sdk/lib/tinyusb/src/portable/raspberrypi/rp2040/rp2040_usb.c.obj
                0x100051c4                _hw_endpoint_xfer_sync
 .text._hw_endpoint_xfer_continue
                0x10005238       0x60 CMakeFiles/Hexapod.dir/home/pi/Documents/pico/pico-sdk/lib/tinyusb/src/portable/raspberrypi/rp2040/rp2040_usb.c.obj
                0x10005238                _hw_endpoint_xfer_continue
 .text._hw_endpoint_xfer
                0x10005298       0x34 CMakeFiles/Hexapod.dir/home/pi/Documents/pico/pico-sdk/lib/tinyusb/src/portable/raspberrypi/rp2040/rp2040_usb.c.obj
                0x10005298                _hw_endpoint_xfer
 .text.mark_interface_endpoint
                0x100052cc       0x2a CMakeFiles/Hexapod.dir/home/pi/Documents/pico/pico-sdk/lib/tinyusb/src/device/usbd.c.obj
 *fill*         0x100052f6        0x2 
 .text.usbd_reset
                0x100052f8       0x8c CMakeFiles/Hexapod.dir/home/pi/Documents/pico/pico-sdk/lib/tinyusb/src/device/usbd.c.obj
 .text.invoke_class_control
                0x10005384       0x1a CMakeFiles/Hexapod.dir/home/pi/Documents/pico/pico-sdk/lib/tinyusb/src/device/usbd.c.obj
 *fill*         0x1000539e        0x2 
 .text.process_set_config
                0x100053a0      0x1d8 CMakeFiles/Hexapod.dir/home/pi/Documents/pico/pico-sdk/lib/tinyusb/src/device/usbd.c.obj
 .text.process_get_descriptor
                0x10005578      0x104 CMakeFiles/Hexapod.dir/home/pi/Documents/pico/pico-sdk/lib/tinyusb/src/device/usbd.c.obj
 .text.tud_mounted
                0x1000567c       0x10 CMakeFiles/Hexapod.dir/home/pi/Documents/pico/pico-sdk/lib/tinyusb/src/device/usbd.c.obj
                0x1000567c                tud_mounted
 .text.tud_suspended
                0x1000568c       0x10 CMakeFiles/Hexapod.dir/home/pi/Documents/pico/pico-sdk/lib/tinyusb/src/device/usbd.c.obj
                0x1000568c                tud_suspended
 .text.tud_inited
                0x1000569c        0xc CMakeFiles/Hexapod.dir/home/pi/Documents/pico/pico-sdk/lib/tinyusb/src/device/usbd.c.obj
                0x1000569c                tud_inited
 .text.tud_init
                0x100056a8       0xd0 CMakeFiles/Hexapod.dir/home/pi/Documents/pico/pico-sdk/lib/tinyusb/src/device/usbd.c.obj
                0x100056a8                tud_init
 .text.dcd_event_handler
                0x10005778      0x178 CMakeFiles/Hexapod.dir/home/pi/Documents/pico/pico-sdk/lib/tinyusb/src/device/usbd.c.obj
                0x10005778                dcd_event_handler
 .text.dcd_event_bus_signal
                0x100058f0       0x28 CMakeFiles/Hexapod.dir/home/pi/Documents/pico/pico-sdk/lib/tinyusb/src/device/usbd.c.obj
                0x100058f0                dcd_event_bus_signal
 .text.dcd_event_bus_reset
                0x10005918       0x2c CMakeFiles/Hexapod.dir/home/pi/Documents/pico/pico-sdk/lib/tinyusb/src/device/usbd.c.obj
                0x10005918                dcd_event_bus_reset
 .text.dcd_event_setup_received
                0x10005944       0x34 CMakeFiles/Hexapod.dir/home/pi/Documents/pico/pico-sdk/lib/tinyusb/src/device/usbd.c.obj
                0x10005944                dcd_event_setup_received
 .text.dcd_event_xfer_complete
                0x10005978       0x46 CMakeFiles/Hexapod.dir/home/pi/Documents/pico/pico-sdk/lib/tinyusb/src/device/usbd.c.obj
                0x10005978                dcd_event_xfer_complete
 *fill*         0x100059be        0x2 
 .text.usbd_edpt_open
                0x100059c0       0xe0 CMakeFiles/Hexapod.dir/home/pi/Documents/pico/pico-sdk/lib/tinyusb/src/device/usbd.c.obj
                0x100059c0                usbd_edpt_open
 .text.usbd_open_edpt_pair
                0x10005aa0       0x84 CMakeFiles/Hexapod.dir/home/pi/Documents/pico/pico-sdk/lib/tinyusb/src/device/usbd.c.obj
                0x10005aa0                usbd_open_edpt_pair
 .text.usbd_edpt_claim
                0x10005b24       0x88 CMakeFiles/Hexapod.dir/home/pi/Documents/pico/pico-sdk/lib/tinyusb/src/device/usbd.c.obj
                0x10005b24                usbd_edpt_claim
 .text.usbd_edpt_release
                0x10005bac       0x68 CMakeFiles/Hexapod.dir/home/pi/Documents/pico/pico-sdk/lib/tinyusb/src/device/usbd.c.obj
                0x10005bac                usbd_edpt_release
 .text.usbd_edpt_xfer
                0x10005c14       0x80 CMakeFiles/Hexapod.dir/home/pi/Documents/pico/pico-sdk/lib/tinyusb/src/device/usbd.c.obj
                0x10005c14                usbd_edpt_xfer
 .text.usbd_edpt_stall
                0x10005c94       0x2c CMakeFiles/Hexapod.dir/home/pi/Documents/pico/pico-sdk/lib/tinyusb/src/device/usbd.c.obj
                0x10005c94                usbd_edpt_stall
 .text.usbd_edpt_clear_stall
                0x10005cc0       0x2c CMakeFiles/Hexapod.dir/home/pi/Documents/pico/pico-sdk/lib/tinyusb/src/device/usbd.c.obj
                0x10005cc0                usbd_edpt_clear_stall
 .text.usbd_edpt_stalled
                0x10005cec       0x1c CMakeFiles/Hexapod.dir/home/pi/Documents/pico/pico-sdk/lib/tinyusb/src/device/usbd.c.obj
                0x10005cec                usbd_edpt_stalled
 .text.process_control_request
                0x10005d08      0x380 CMakeFiles/Hexapod.dir/home/pi/Documents/pico/pico-sdk/lib/tinyusb/src/device/usbd.c.obj
 .text.tud_task
                0x10006088      0x208 CMakeFiles/Hexapod.dir/home/pi/Documents/pico/pico-sdk/lib/tinyusb/src/device/usbd.c.obj
                0x10006088                tud_task
 .text._data_stage_xact
                0x10006290       0x58 CMakeFiles/Hexapod.dir/home/pi/Documents/pico/pico-sdk/lib/tinyusb/src/device/usbd_control.c.obj
 .text.tud_control_status
                0x100062e8       0x38 CMakeFiles/Hexapod.dir/home/pi/Documents/pico/pico-sdk/lib/tinyusb/src/device/usbd_control.c.obj
                0x100062e8                tud_control_status
 .text.tud_control_xfer
                0x10006320       0xa4 CMakeFiles/Hexapod.dir/home/pi/Documents/pico/pico-sdk/lib/tinyusb/src/device/usbd_control.c.obj
                0x10006320                tud_control_xfer
 .text.usbd_control_reset
                0x100063c4       0x14 CMakeFiles/Hexapod.dir/home/pi/Documents/pico/pico-sdk/lib/tinyusb/src/device/usbd_control.c.obj
                0x100063c4                usbd_control_reset
 .text.usbd_control_set_complete_callback
                0x100063d8        0xc CMakeFiles/Hexapod.dir/home/pi/Documents/pico/pico-sdk/lib/tinyusb/src/device/usbd_control.c.obj
                0x100063d8                usbd_control_set_complete_callback
 .text.usbd_control_set_request
                0x100063e4       0x1c CMakeFiles/Hexapod.dir/home/pi/Documents/pico/pico-sdk/lib/tinyusb/src/device/usbd_control.c.obj
                0x100063e4                usbd_control_set_request
 .text.usbd_control_xfer_cb
                0x10006400      0x100 CMakeFiles/Hexapod.dir/home/pi/Documents/pico/pico-sdk/lib/tinyusb/src/device/usbd_control.c.obj
                0x10006400                usbd_control_xfer_cb
 .text._prep_out_transaction
                0x10006500       0x46 CMakeFiles/Hexapod.dir/home/pi/Documents/pico/pico-sdk/lib/tinyusb/src/class/cdc/cdc_device.c.obj
 *fill*         0x10006546        0x2 
 .text.tud_cdc_n_connected
                0x10006548       0x44 CMakeFiles/Hexapod.dir/home/pi/Documents/pico/pico-sdk/lib/tinyusb/src/class/cdc/cdc_device.c.obj
                0x10006548                tud_cdc_n_connected
 .text.tud_cdc_n_available
                0x1000658c       0x1c CMakeFiles/Hexapod.dir/home/pi/Documents/pico/pico-sdk/lib/tinyusb/src/class/cdc/cdc_device.c.obj
                0x1000658c                tud_cdc_n_available
 .text.tud_cdc_n_read
                0x100065a8       0x28 CMakeFiles/Hexapod.dir/home/pi/Documents/pico/pico-sdk/lib/tinyusb/src/class/cdc/cdc_device.c.obj
                0x100065a8                tud_cdc_n_read
 .text.tud_cdc_n_write_flush
                0x100065d0       0xcc CMakeFiles/Hexapod.dir/home/pi/Documents/pico/pico-sdk/lib/tinyusb/src/class/cdc/cdc_device.c.obj
                0x100065d0                tud_cdc_n_write_flush
 .text.tud_cdc_n_write
                0x1000669c       0x38 CMakeFiles/Hexapod.dir/home/pi/Documents/pico/pico-sdk/lib/tinyusb/src/class/cdc/cdc_device.c.obj
                0x1000669c                tud_cdc_n_write
 .text.tud_cdc_n_write_available
                0x100066d4       0x1c CMakeFiles/Hexapod.dir/home/pi/Documents/pico/pico-sdk/lib/tinyusb/src/class/cdc/cdc_device.c.obj
                0x100066d4                tud_cdc_n_write_available
 .text.cdcd_init
                0x100066f0       0xb8 CMakeFiles/Hexapod.dir/home/pi/Documents/pico/pico-sdk/lib/tinyusb/src/class/cdc/cdc_device.c.obj
                0x100066f0                cdcd_init
 .text.cdcd_reset
                0x100067a8       0x44 CMakeFiles/Hexapod.dir/home/pi/Documents/pico/pico-sdk/lib/tinyusb/src/class/cdc/cdc_device.c.obj
                0x100067a8                cdcd_reset
 .text.cdcd_open
                0x100067ec      0x10c CMakeFiles/Hexapod.dir/home/pi/Documents/pico/pico-sdk/lib/tinyusb/src/class/cdc/cdc_device.c.obj
                0x100067ec                cdcd_open
 .text.cdcd_control_xfer_cb
                0x100068f8      0x12c CMakeFiles/Hexapod.dir/home/pi/Documents/pico/pico-sdk/lib/tinyusb/src/class/cdc/cdc_device.c.obj
                0x100068f8                cdcd_control_xfer_cb
 .text.cdcd_xfer_cb
                0x10006a24      0x13c CMakeFiles/Hexapod.dir/home/pi/Documents/pico/pico-sdk/lib/tinyusb/src/class/cdc/cdc_device.c.obj
                0x10006a24                cdcd_xfer_cb
 .text.tusb_init
                0x10006b60       0x24 CMakeFiles/Hexapod.dir/home/pi/Documents/pico/pico-sdk/lib/tinyusb/src/tusb.c.obj
                0x10006b60                tusb_init
 .text.tusb_inited
                0x10006b84        0xe CMakeFiles/Hexapod.dir/home/pi/Documents/pico/pico-sdk/lib/tinyusb/src/tusb.c.obj
                0x10006b84                tusb_inited
 .text.advance_pointer
                0x10006b92       0x20 CMakeFiles/Hexapod.dir/home/pi/Documents/pico/pico-sdk/lib/tinyusb/src/common/tusb_fifo.c.obj
 .text.backward_pointer
                0x10006bb2       0x20 CMakeFiles/Hexapod.dir/home/pi/Documents/pico/pico-sdk/lib/tinyusb/src/common/tusb_fifo.c.obj
 .text.get_relative_pointer
                0x10006bd2       0x10 CMakeFiles/Hexapod.dir/home/pi/Documents/pico/pico-sdk/lib/tinyusb/src/common/tusb_fifo.c.obj
 .text._tu_fifo_peek
                0x10006be2       0x4c CMakeFiles/Hexapod.dir/home/pi/Documents/pico/pico-sdk/lib/tinyusb/src/common/tusb_fifo.c.obj
 .text._ff_pull_const_addr
                0x10006c2e       0x46 CMakeFiles/Hexapod.dir/home/pi/Documents/pico/pico-sdk/lib/tinyusb/src/common/tusb_fifo.c.obj
 .text._ff_pull_n
                0x10006c74       0xfe CMakeFiles/Hexapod.dir/home/pi/Documents/pico/pico-sdk/lib/tinyusb/src/common/tusb_fifo.c.obj
 .text._tu_fifo_peek_n
                0x10006d72       0x5e CMakeFiles/Hexapod.dir/home/pi/Documents/pico/pico-sdk/lib/tinyusb/src/common/tusb_fifo.c.obj
 .text._tu_fifo_read_n
                0x10006dd0       0x4e CMakeFiles/Hexapod.dir/home/pi/Documents/pico/pico-sdk/lib/tinyusb/src/common/tusb_fifo.c.obj
 .text._ff_push_const_addr
                0x10006e1e       0x3a CMakeFiles/Hexapod.dir/home/pi/Documents/pico/pico-sdk/lib/tinyusb/src/common/tusb_fifo.c.obj
 .text._ff_push_n
                0x10006e58       0xfa CMakeFiles/Hexapod.dir/home/pi/Documents/pico/pico-sdk/lib/tinyusb/src/common/tusb_fifo.c.obj
 .text._tu_fifo_write_n
                0x10006f52       0x9e CMakeFiles/Hexapod.dir/home/pi/Documents/pico/pico-sdk/lib/tinyusb/src/common/tusb_fifo.c.obj
 .text.tu_fifo_config
                0x10006ff0       0x72 CMakeFiles/Hexapod.dir/home/pi/Documents/pico/pico-sdk/lib/tinyusb/src/common/tusb_fifo.c.obj
                0x10006ff0                tu_fifo_config
 .text.tu_fifo_count
                0x10007062       0x24 CMakeFiles/Hexapod.dir/home/pi/Documents/pico/pico-sdk/lib/tinyusb/src/common/tusb_fifo.c.obj
                0x10007062                tu_fifo_count
 .text.tu_fifo_empty
                0x10007086        0xe CMakeFiles/Hexapod.dir/home/pi/Documents/pico/pico-sdk/lib/tinyusb/src/common/tusb_fifo.c.obj
                0x10007086                tu_fifo_empty
 .text.tu_fifo_remaining
                0x10007094       0x20 CMakeFiles/Hexapod.dir/home/pi/Documents/pico/pico-sdk/lib/tinyusb/src/common/tusb_fifo.c.obj
                0x10007094                tu_fifo_remaining
 .text.tu_fifo_read
                0x100070b4       0x42 CMakeFiles/Hexapod.dir/home/pi/Documents/pico/pico-sdk/lib/tinyusb/src/common/tusb_fifo.c.obj
                0x100070b4                tu_fifo_read
 .text.tu_fifo_read_n
                0x100070f6        0xa CMakeFiles/Hexapod.dir/home/pi/Documents/pico/pico-sdk/lib/tinyusb/src/common/tusb_fifo.c.obj
                0x100070f6                tu_fifo_read_n
 .text.tu_fifo_write
                0x10007100       0x6c CMakeFiles/Hexapod.dir/home/pi/Documents/pico/pico-sdk/lib/tinyusb/src/common/tusb_fifo.c.obj
                0x10007100                tu_fifo_write
 .text.tu_fifo_write_n
                0x1000716c        0xa CMakeFiles/Hexapod.dir/home/pi/Documents/pico/pico-sdk/lib/tinyusb/src/common/tusb_fifo.c.obj
                0x1000716c                tu_fifo_write_n
 .text.tu_fifo_clear
                0x10007176       0x4c CMakeFiles/Hexapod.dir/home/pi/Documents/pico/pico-sdk/lib/tinyusb/src/common/tusb_fifo.c.obj
                0x10007176                tu_fifo_clear
 .text.tu_fifo_set_overwritable
                0x100071c2       0x3c CMakeFiles/Hexapod.dir/home/pi/Documents/pico/pico-sdk/lib/tinyusb/src/common/tusb_fifo.c.obj
                0x100071c2                tu_fifo_set_overwritable
 *fill*         0x100071fe        0x2 
 .text._retrieve_unique_id_on_boot
                0x10007200       0x10 CMakeFiles/Hexapod.dir/home/pi/Documents/pico/pico-sdk/src/rp2_common/pico_unique_id/unique_id.c.obj
 .text.pico_get_unique_board_id_string
                0x10007210       0x60 CMakeFiles/Hexapod.dir/home/pi/Documents/pico/pico-sdk/src/rp2_common/pico_unique_id/unique_id.c.obj
                0x10007210                pico_get_unique_board_id_string
 .text.flash_get_unique_id
                0x10007270       0x40 CMakeFiles/Hexapod.dir/home/pi/Documents/pico/pico-sdk/src/rp2_common/hardware_flash/flash.c.obj
                0x10007270                flash_get_unique_id
 .text.spi_set_baudrate
                0x100072b0       0x92 CMakeFiles/Hexapod.dir/home/pi/Documents/pico/pico-sdk/src/rp2_common/hardware_spi/spi.c.obj
                0x100072b0                spi_set_baudrate
 *fill*         0x10007342        0x2 
 .text.spi_init
                0x10007344       0x68 CMakeFiles/Hexapod.dir/home/pi/Documents/pico/pico-sdk/src/rp2_common/hardware_spi/spi.c.obj
                0x10007344                spi_init
 .text.i2c_set_baudrate
                0x100073ac       0xec CMakeFiles/Hexapod.dir/home/pi/Documents/pico/pico-sdk/src/rp2_common/hardware_i2c/i2c.c.obj
                0x100073ac                i2c_set_baudrate
 .text.i2c_init
                0x10007498       0x58 CMakeFiles/Hexapod.dir/home/pi/Documents/pico/pico-sdk/src/rp2_common/hardware_i2c/i2c.c.obj
                0x10007498                i2c_init
 .text          0x100074f0       0x64 /usr/lib/gcc/arm-none-eabi/7.3.1/../../../arm-none-eabi/lib/thumb/v6-m/libg.a(lib_a-strlen-stub.o)
                0x100074f0                strlen
 *(.fini)
 .fini          0x10007554        0x4 /usr/lib/gcc/arm-none-eabi/7.3.1/thumb/v6-m/crti.o
                0x10007554                _fini
 .fini.__stub   0x10007558       0x70 linker stubs
 *crtbegin.o(.ctors)
 *crtbegin?.o(.ctors)
 *(EXCLUDE_FILE(*crtend.o *crtend?.o) .ctors)
 *(SORT_BY_NAME(.ctors.*))
 *(.ctors)
 *crtbegin.o(.dtors)
 *crtbegin?.o(.dtors)
 *(EXCLUDE_FILE(*crtend.o *crtend?.o) .dtors)
 *(SORT_BY_NAME(.dtors.*))
 *(.dtors)
 *(.eh_frame*)
 .eh_frame      0x100075c8        0x0 /usr/lib/gcc/arm-none-eabi/7.3.1/thumb/v6-m/crtbegin.o
                0x100075c8                . = ALIGN (0x4)

.glue_7         0x100075c8        0x0
 .glue_7        0x100075c8        0x0 linker stubs

.glue_7t        0x100075c8        0x0
 .glue_7t       0x100075c8        0x0 linker stubs

.vfp11_veneer   0x100075c8        0x0
 .vfp11_veneer  0x100075c8        0x0 linker stubs

.v4_bx          0x100075c8        0x0
 .v4_bx         0x100075c8        0x0 linker stubs

.iplt           0x100075c8        0x0
 .iplt          0x100075c8        0x0 /usr/lib/gcc/arm-none-eabi/7.3.1/thumb/v6-m/crtbegin.o

.rodata         0x100075c8     0x1780
 *(EXCLUDE_FILE(*libm.a: *libc.a:*lib_a-mem*.o *libgcc.a:) .rodata*)
 .rodata._ZZL20update_us_since_bootP15absolute_time_tyE19__PRETTY_FUNCTION__
                0x100075c8       0x36 CMakeFiles/Hexapod.dir/Hexapod.cpp.obj
 *fill*         0x100075fe        0x2 
 .rodata.main.str1.4
                0x10007600       0x76 CMakeFiles/Hexapod.dir/Hexapod.cpp.obj
 *fill*         0x10007676        0x2 
 .rodata.spin_lock_claim_unused.str1.4
                0x10007678       0x1b CMakeFiles/Hexapod.dir/home/pi/Documents/pico/pico-sdk/src/rp2_common/hardware_sync/sync.c.obj
 *fill*         0x10007693        0x1 
 .rodata.__func__.5648
                0x10007694       0x15 CMakeFiles/Hexapod.dir/home/pi/Documents/pico/pico-sdk/src/common/pico_time/time.c.obj
 *fill*         0x100076a9        0x3 
 .rodata.__func__.5949
                0x100076ac        0xc CMakeFiles/Hexapod.dir/home/pi/Documents/pico/pico-sdk/src/common/pico_time/time.c.obj
 .rodata.__func__.5956
                0x100076b8       0x12 CMakeFiles/Hexapod.dir/home/pi/Documents/pico/pico-sdk/src/common/pico_time/time.c.obj
 *fill*         0x100076ca        0x2 
 .rodata.__func__.5972
                0x100076cc        0xf CMakeFiles/Hexapod.dir/home/pi/Documents/pico/pico-sdk/src/common/pico_time/time.c.obj
 *fill*         0x100076db        0x1 
 .rodata.__func__.5994
                0x100076dc        0xd CMakeFiles/Hexapod.dir/home/pi/Documents/pico/pico-sdk/src/common/pico_time/time.c.obj
 *fill*         0x100076e9        0x3 
 .rodata.__func__.6195
                0x100076ec        0xa CMakeFiles/Hexapod.dir/home/pi/Documents/pico/pico-sdk/src/common/pico_time/time.c.obj
 *fill*         0x100076f6        0x2 
 .rodata.__func__.6200
                0x100076f8       0x12 CMakeFiles/Hexapod.dir/home/pi/Documents/pico/pico-sdk/src/common/pico_time/time.c.obj
 *fill*         0x1000770a        0x2 
 .rodata.__func__.6215
                0x1000770c       0x17 CMakeFiles/Hexapod.dir/home/pi/Documents/pico/pico-sdk/src/common/pico_time/time.c.obj
 *fill*         0x10007723        0x1 
 .rodata.__func__.6226
                0x10007724       0x15 CMakeFiles/Hexapod.dir/home/pi/Documents/pico/pico-sdk/src/common/pico_time/time.c.obj
 *fill*         0x10007739        0x3 
 .rodata.__func__.6243
                0x1000773c       0x1a CMakeFiles/Hexapod.dir/home/pi/Documents/pico/pico-sdk/src/common/pico_time/time.c.obj
 *fill*         0x10007756        0x2 
 .rodata.__func__.6282
                0x10007758       0x18 CMakeFiles/Hexapod.dir/home/pi/Documents/pico/pico-sdk/src/common/pico_time/time.c.obj
 .rodata.add_alarm_under_lock.str1.4
                0x10007770       0x28 CMakeFiles/Hexapod.dir/home/pi/Documents/pico/pico-sdk/src/common/pico_time/time.c.obj
                                 0x2b (size before relaxing)
 .rodata.alarm_pool_alarm_callback.str1.4
                0x10007798       0x82 CMakeFiles/Hexapod.dir/home/pi/Documents/pico/pico-sdk/src/common/pico_time/time.c.obj
                                 0xea (size before relaxing)
 *fill*         0x1000781a        0x2 
 .rodata.alarm_pool_cancel_alarm.str1.4
                0x1000781c       0x27 CMakeFiles/Hexapod.dir/home/pi/Documents/pico/pico-sdk/src/common/pico_time/time.c.obj
 *fill*         0x10007843        0x1 
 .rodata.alarm_pool_dump_key.str1.4
                0x10007844       0x33 CMakeFiles/Hexapod.dir/home/pi/Documents/pico/pico-sdk/src/common/pico_time/time.c.obj
 *fill*         0x10007877        0x1 
 .rodata.alarm_pool_get_default.str1.4
                0x10007878       0x21 CMakeFiles/Hexapod.dir/home/pi/Documents/pico/pico-sdk/src/common/pico_time/time.c.obj
 *fill*         0x10007899        0x3 
 .rodata.ph_add_child_node.str1.4
                0x1000789c       0x9a CMakeFiles/Hexapod.dir/home/pi/Documents/pico/pico-sdk/src/common/pico_time/time.c.obj
 *fill*         0x10007936        0x2 
 .rodata.repeating_timer_callback.str1.4
                0x10007938       0x51 CMakeFiles/Hexapod.dir/home/pi/Documents/pico/pico-sdk/src/common/pico_time/time.c.obj
 *fill*         0x10007989        0x3 
 .rodata.sleep_until.str1.4
                0x1000798c       0x4d CMakeFiles/Hexapod.dir/home/pi/Documents/pico/pico-sdk/src/common/pico_time/time.c.obj
 *fill*         0x100079d9        0x3 
 .rodata.__func__.4508
                0x100079dc       0x1a CMakeFiles/Hexapod.dir/home/pi/Documents/pico/pico-sdk/src/rp2_common/hardware_timer/timer.c.obj
 *fill*         0x100079f6        0x2 
 .rodata.hardware_alarm_claim.str1.4
                0x100079f8       0x22 CMakeFiles/Hexapod.dir/home/pi/Documents/pico/pico-sdk/src/rp2_common/hardware_timer/timer.c.obj
 *fill*         0x10007a1a        0x2 
 .rodata.hardware_alarm_set_target.str1.4
                0x10007a1c       0x6b CMakeFiles/Hexapod.dir/home/pi/Documents/pico/pico-sdk/src/rp2_common/hardware_timer/timer.c.obj
 *fill*         0x10007a87        0x1 
 .rodata.__func__.4173
                0x10007a88       0x15 CMakeFiles/Hexapod.dir/home/pi/Documents/pico/pico-sdk/src/common/pico_sync/mutex.c.obj
 *fill*         0x10007a9d        0x3 
 .rodata.__func__.4570
                0x10007aa0       0x15 CMakeFiles/Hexapod.dir/home/pi/Documents/pico/pico-sdk/src/common/pico_sync/mutex.c.obj
 *fill*         0x10007ab5        0x3 
 .rodata.__func__.4595
                0x10007ab8       0x18 CMakeFiles/Hexapod.dir/home/pi/Documents/pico/pico-sdk/src/common/pico_sync/mutex.c.obj
 .rodata.__func__.4605
                0x10007ad0        0xb CMakeFiles/Hexapod.dir/home/pi/Documents/pico/pico-sdk/src/common/pico_sync/mutex.c.obj
 *fill*         0x10007adb        0x1 
 .rodata.str1.4
                0x10007adc       0xb9 CMakeFiles/Hexapod.dir/home/pi/Documents/pico/pico-sdk/src/common/pico_sync/mutex.c.obj
                                0x121 (size before relaxing)
 *fill*         0x10007b95        0x3 
 .rodata.__func__.5655
                0x10007b98        0xc CMakeFiles/Hexapod.dir/home/pi/Documents/pico/pico-sdk/src/common/pico_util/pheap.c.obj
 .rodata.__func__.5662
                0x10007ba4       0x12 CMakeFiles/Hexapod.dir/home/pi/Documents/pico/pico-sdk/src/common/pico_util/pheap.c.obj
 *fill*         0x10007bb6        0x2 
 .rodata.__func__.5748
                0x10007bb8       0x13 CMakeFiles/Hexapod.dir/home/pi/Documents/pico/pico-sdk/src/common/pico_util/pheap.c.obj
 *fill*         0x10007bcb        0x1 
 .rodata.__func__.5766
                0x10007bcc       0x18 CMakeFiles/Hexapod.dir/home/pi/Documents/pico/pico-sdk/src/common/pico_util/pheap.c.obj
 .rodata.ph_add_child_node.str1.4
                0x10007be4       0x9a CMakeFiles/Hexapod.dir/home/pi/Documents/pico/pico-sdk/src/common/pico_util/pheap.c.obj
 .rodata.ph_remove_and_free_node.str1.4
                0x10007be4       0x26 CMakeFiles/Hexapod.dir/home/pi/Documents/pico/pico-sdk/src/common/pico_util/pheap.c.obj
 *fill*         0x10007c0a        0x2 
 .rodata.ph_remove_any_head.str1.4
                0x10007c0c       0x94 CMakeFiles/Hexapod.dir/home/pi/Documents/pico/pico-sdk/src/common/pico_util/pheap.c.obj
 .rodata.__assert_func.str1.4
                0x10007ca0       0x3f CMakeFiles/Hexapod.dir/home/pi/Documents/pico/pico-sdk/src/rp2_common/pico_runtime/runtime.c.obj
                                 0x43 (size before relaxing)
 *fill*         0x10007cdf        0x1 
 .rodata.panic.str1.4
                0x10007ce0       0x12 CMakeFiles/Hexapod.dir/home/pi/Documents/pico/pico-sdk/src/rp2_common/pico_runtime/runtime.c.obj
 *fill*         0x10007cf2        0x2 
 .rodata.__func__.4627
                0x10007cf4       0x10 CMakeFiles/Hexapod.dir/home/pi/Documents/pico/pico-sdk/src/rp2_common/hardware_clocks/clocks.c.obj
 .rodata.clock_configure.str1.4
                0x10007d04       0x5d CMakeFiles/Hexapod.dir/home/pi/Documents/pico/pico-sdk/src/rp2_common/hardware_clocks/clocks.c.obj
 *fill*         0x10007d61        0x3 
 .rodata.__func__.4663
                0x10007d64       0x1a CMakeFiles/Hexapod.dir/home/pi/Documents/pico/pico-sdk/src/rp2_common/hardware_irq/irq.c.obj
 *fill*         0x10007d7e        0x2 
 .rodata.__func__.4677
                0x10007d80        0xc CMakeFiles/Hexapod.dir/home/pi/Documents/pico/pico-sdk/src/rp2_common/hardware_irq/irq.c.obj
 .rodata.__func__.4685
                0x10007d8c       0x17 CMakeFiles/Hexapod.dir/home/pi/Documents/pico/pico-sdk/src/rp2_common/hardware_irq/irq.c.obj
 *fill*         0x10007da3        0x1 
 .rodata.__func__.4689
                0x10007da4        0xf CMakeFiles/Hexapod.dir/home/pi/Documents/pico/pico-sdk/src/rp2_common/hardware_irq/irq.c.obj
 *fill*         0x10007db3        0x1 
 .rodata.__func__.4728
                0x10007db4       0x13 CMakeFiles/Hexapod.dir/home/pi/Documents/pico/pico-sdk/src/rp2_common/hardware_irq/irq.c.obj
 *fill*         0x10007dc7        0x1 
 .rodata.__func__.4747
                0x10007dc8       0x1a CMakeFiles/Hexapod.dir/home/pi/Documents/pico/pico-sdk/src/rp2_common/hardware_irq/irq.c.obj
 *fill*         0x10007de2        0x2 
 .rodata.irq_add_shared_handler.str1.4
                0x10007de4       0xd9 CMakeFiles/Hexapod.dir/home/pi/Documents/pico/pico-sdk/src/rp2_common/hardware_irq/irq.c.obj
 *fill*         0x10007ebd        0x3 
 .rodata.irq_add_tail_to_free_list.str1.4
                0x10007ec0       0x32 CMakeFiles/Hexapod.dir/home/pi/Documents/pico/pico-sdk/src/rp2_common/hardware_irq/irq.c.obj
                                 0x3a (size before relaxing)
 *fill*         0x10007ef2        0x2 
 .rodata.irq_remove_handler.str1.4
                0x10007ef4       0x2a CMakeFiles/Hexapod.dir/home/pi/Documents/pico/pico-sdk/src/rp2_common/hardware_irq/irq.c.obj
 *fill*         0x10007f1e        0x2 
 .rodata.irq_set_exclusive_handler.str1.4
                0x10007f20       0x36 CMakeFiles/Hexapod.dir/home/pi/Documents/pico/pico-sdk/src/rp2_common/hardware_irq/irq.c.obj
 *fill*         0x10007f56        0x2 
 .rodata.make_branch.str1.4
                0x10007f58       0x53 CMakeFiles/Hexapod.dir/home/pi/Documents/pico/pico-sdk/src/rp2_common/hardware_irq/irq.c.obj
 *fill*         0x10007fab        0x1 
 .rodata.__func__.4362
                0x10007fac        0x9 CMakeFiles/Hexapod.dir/home/pi/Documents/pico/pico-sdk/src/rp2_common/hardware_pll/pll.c.obj
 *fill*         0x10007fb5        0x3 
 .rodata.pll_init.str1.4
                0x10007fb8       0xdf CMakeFiles/Hexapod.dir/home/pi/Documents/pico/pico-sdk/src/rp2_common/hardware_pll/pll.c.obj
 *fill*         0x10008097        0x1 
 .rodata._vsnprintf
                0x10008098      0x1e0 CMakeFiles/Hexapod.dir/home/pi/Documents/pico/pico-sdk/src/rp2_common/pico_printf/printf.c.obj
 .rodata._ftoa.str1.4
                0x10008278       0x15 CMakeFiles/Hexapod.dir/home/pi/Documents/pico/pico-sdk/src/rp2_common/pico_printf/printf.c.obj
 *fill*         0x1000828d        0x3 
 .rodata.pow10.5369
                0x10008290       0x50 CMakeFiles/Hexapod.dir/home/pi/Documents/pico/pico-sdk/src/rp2_common/pico_printf/printf.c.obj
 .rodata.__aeabi_double_init.str1.4
                0x100082e0       0xae CMakeFiles/Hexapod.dir/home/pi/Documents/pico/pico-sdk/src/rp2_common/pico_double/double_init_rom.c.obj
 *fill*         0x1000838e        0x2 
 .rodata.__func__.4628
                0x10008390       0x14 CMakeFiles/Hexapod.dir/home/pi/Documents/pico/pico-sdk/src/rp2_common/pico_double/double_init_rom.c.obj
 .rodata.__aeabi_float_init.str1.4
                0x100083a4       0x80 CMakeFiles/Hexapod.dir/home/pi/Documents/pico/pico-sdk/src/rp2_common/pico_float/float_init_rom.c.obj
                                 0x84 (size before relaxing)
 .rodata.__func__.4630
                0x10008424       0x13 CMakeFiles/Hexapod.dir/home/pi/Documents/pico/pico-sdk/src/rp2_common/pico_float/float_init_rom.c.obj
 *fill*         0x10008437        0x1 
 .rodata.__bi_44
                0x10008438        0xc CMakeFiles/Hexapod.dir/home/pi/Documents/pico/pico-sdk/src/rp2_common/pico_standard_link/binary_info.c.obj
 .rodata.__bi_56
                0x10008444        0xc CMakeFiles/Hexapod.dir/home/pi/Documents/pico/pico-sdk/src/rp2_common/pico_standard_link/binary_info.c.obj
 .rodata.__bi_75
                0x10008450        0xc CMakeFiles/Hexapod.dir/home/pi/Documents/pico/pico-sdk/src/rp2_common/pico_standard_link/binary_info.c.obj
 .rodata.__bi_81
                0x1000845c        0xc CMakeFiles/Hexapod.dir/home/pi/Documents/pico/pico-sdk/src/rp2_common/pico_standard_link/binary_info.c.obj
 .rodata.str1.4
                0x10008468       0x40 CMakeFiles/Hexapod.dir/home/pi/Documents/pico/pico-sdk/src/rp2_common/pico_standard_link/binary_info.c.obj
 .rodata.crlf_str.5960
                0x100084a8        0x2 CMakeFiles/Hexapod.dir/home/pi/Documents/pico/pico-sdk/src/rp2_common/pico_stdio/stdio.c.obj
 *fill*         0x100084aa        0x2 
 .rodata.__bi_28.4699
                0x100084ac        0xc CMakeFiles/Hexapod.dir/home/pi/Documents/pico/pico-sdk/src/rp2_common/pico_stdio_uart/stdio_uart.c.obj
 .rodata.__bi_29.4703
                0x100084b8        0x8 CMakeFiles/Hexapod.dir/home/pi/Documents/pico/pico-sdk/src/rp2_common/pico_stdio_uart/stdio_uart.c.obj
 .rodata.str1.4
                0x100084c0       0x2c CMakeFiles/Hexapod.dir/home/pi/Documents/pico/pico-sdk/src/rp2_common/pico_stdio_uart/stdio_uart.c.obj
 .rodata._resetd_driver
                0x100084ec       0x18 CMakeFiles/Hexapod.dir/home/pi/Documents/pico/pico-sdk/src/rp2_common/pico_stdio_usb/reset_interface.c.obj
 .rodata.__bi_93.7101
                0x10008504        0xc CMakeFiles/Hexapod.dir/home/pi/Documents/pico/pico-sdk/src/rp2_common/pico_stdio_usb/stdio_usb.c.obj
 .rodata.__func__.5371
                0x10008510       0x15 CMakeFiles/Hexapod.dir/home/pi/Documents/pico/pico-sdk/src/rp2_common/pico_stdio_usb/stdio_usb.c.obj
 .rodata.stdio_usb_init.str1.4
                0x10008525       0x67 CMakeFiles/Hexapod.dir/home/pi/Documents/pico/pico-sdk/src/rp2_common/pico_stdio_usb/stdio_usb.c.obj
 *fill*         0x10008525        0x3 
 .rodata.str1.4
                0x10008528       0x13 CMakeFiles/Hexapod.dir/home/pi/Documents/pico/pico-sdk/src/rp2_common/pico_stdio_usb/stdio_usb.c.obj
 *fill*         0x1000853b        0x1 
 .rodata.str1.4
                0x1000853c       0x2a CMakeFiles/Hexapod.dir/home/pi/Documents/pico/pico-sdk/src/rp2_common/pico_stdio_usb/stdio_usb_descriptors.c.obj
 *fill*         0x10008566        0x2 
 .rodata.usbd_desc_cfg
                0x10008568       0x54 CMakeFiles/Hexapod.dir/home/pi/Documents/pico/pico-sdk/src/rp2_common/pico_stdio_usb/stdio_usb_descriptors.c.obj
 .rodata.usbd_desc_device
                0x100085bc       0x12 CMakeFiles/Hexapod.dir/home/pi/Documents/pico/pico-sdk/src/rp2_common/pico_stdio_usb/stdio_usb_descriptors.c.obj
 *fill*         0x100085ce        0x2 
 .rodata.usbd_desc_str
                0x100085d0       0x18 CMakeFiles/Hexapod.dir/home/pi/Documents/pico/pico-sdk/src/rp2_common/pico_stdio_usb/stdio_usb_descriptors.c.obj
 .rodata.__func__.6806
                0x100085e8       0x13 CMakeFiles/Hexapod.dir/home/pi/Documents/pico/pico-sdk/lib/tinyusb/src/portable/raspberrypi/rp2040/dcd_rp2040.c.obj
 *fill*         0x100085fb        0x1 
 .rodata.__func__.6837
                0x100085fc       0x16 CMakeFiles/Hexapod.dir/home/pi/Documents/pico/pico-sdk/lib/tinyusb/src/portable/raspberrypi/rp2040/dcd_rp2040.c.obj
 *fill*         0x10008612        0x2 
 .rodata.__func__.6858
                0x10008614       0x13 CMakeFiles/Hexapod.dir/home/pi/Documents/pico/pico-sdk/lib/tinyusb/src/portable/raspberrypi/rp2040/dcd_rp2040.c.obj
 *fill*         0x10008627        0x1 
 .rodata.__func__.6879
                0x10008628        0x9 CMakeFiles/Hexapod.dir/home/pi/Documents/pico/pico-sdk/lib/tinyusb/src/portable/raspberrypi/rp2040/dcd_rp2040.c.obj
 *fill*         0x10008631        0x3 
 .rodata.__func__.6883
                0x10008634        0xf CMakeFiles/Hexapod.dir/home/pi/Documents/pico/pico-sdk/lib/tinyusb/src/portable/raspberrypi/rp2040/dcd_rp2040.c.obj
 *fill*         0x10008643        0x1 
 .rodata.__func__.6892
                0x10008644       0x10 CMakeFiles/Hexapod.dir/home/pi/Documents/pico/pico-sdk/lib/tinyusb/src/portable/raspberrypi/rp2040/dcd_rp2040.c.obj
 .rodata.__func__.6904
                0x10008654        0xc CMakeFiles/Hexapod.dir/home/pi/Documents/pico/pico-sdk/lib/tinyusb/src/portable/raspberrypi/rp2040/dcd_rp2040.c.obj
 .rodata.__func__.6909
                0x10008660       0x1a CMakeFiles/Hexapod.dir/home/pi/Documents/pico/pico-sdk/lib/tinyusb/src/portable/raspberrypi/rp2040/dcd_rp2040.c.obj
 *fill*         0x1000867a        0x2 
 .rodata.__func__.6914
                0x1000867c        0xe CMakeFiles/Hexapod.dir/home/pi/Documents/pico/pico-sdk/lib/tinyusb/src/portable/raspberrypi/rp2040/dcd_rp2040.c.obj
 *fill*         0x1000868a        0x2 
 .rodata.__func__.6921
                0x1000868c        0xe CMakeFiles/Hexapod.dir/home/pi/Documents/pico/pico-sdk/lib/tinyusb/src/portable/raspberrypi/rp2040/dcd_rp2040.c.obj
 *fill*         0x1000869a        0x2 
 .rodata.__func__.6926
                0x1000869c        0xf CMakeFiles/Hexapod.dir/home/pi/Documents/pico/pico-sdk/lib/tinyusb/src/portable/raspberrypi/rp2040/dcd_rp2040.c.obj
 *fill*         0x100086ab        0x1 
 .rodata.__func__.6931
                0x100086ac       0x15 CMakeFiles/Hexapod.dir/home/pi/Documents/pico/pico-sdk/lib/tinyusb/src/portable/raspberrypi/rp2040/dcd_rp2040.c.obj
 *fill*         0x100086c1        0x3 
 .rodata._hw_endpoint_alloc.str1.4
                0x100086c4       0xbd CMakeFiles/Hexapod.dir/home/pi/Documents/pico/pico-sdk/lib/tinyusb/src/portable/raspberrypi/rp2040/dcd_rp2040.c.obj
 *fill*         0x10008781        0x3 
 .rodata._hw_endpoint_init.str1.4
                0x10008784       0x28 CMakeFiles/Hexapod.dir/home/pi/Documents/pico/pico-sdk/lib/tinyusb/src/portable/raspberrypi/rp2040/dcd_rp2040.c.obj
 .rodata._hw_endpoint_stall.str1.4
                0x100087ac        0xd CMakeFiles/Hexapod.dir/home/pi/Documents/pico/pico-sdk/lib/tinyusb/src/portable/raspberrypi/rp2040/dcd_rp2040.c.obj
 *fill*         0x100087b9        0x3 
 .rodata.dcd_int_enable.str1.4
                0x100087bc        0xc CMakeFiles/Hexapod.dir/home/pi/Documents/pico/pico-sdk/lib/tinyusb/src/portable/raspberrypi/rp2040/dcd_rp2040.c.obj
 .rodata.dcd_rp2040_irq.str1.4
                0x100087c8       0x14 CMakeFiles/Hexapod.dir/home/pi/Documents/pico/pico-sdk/lib/tinyusb/src/portable/raspberrypi/rp2040/dcd_rp2040.c.obj
 .rodata.hw_handle_buff_status.str1.4
                0x100087dc        0xb CMakeFiles/Hexapod.dir/home/pi/Documents/pico/pico-sdk/lib/tinyusb/src/portable/raspberrypi/rp2040/dcd_rp2040.c.obj
 *fill*         0x100087e7        0x1 
 .rodata.__func__.6585
                0x100087e8       0x17 CMakeFiles/Hexapod.dir/home/pi/Documents/pico/pico-sdk/lib/tinyusb/src/portable/raspberrypi/rp2040/rp2040_usb.c.obj
 *fill*         0x100087ff        0x1 
 .rodata.__func__.6596
                0x10008800       0x12 CMakeFiles/Hexapod.dir/home/pi/Documents/pico/pico-sdk/lib/tinyusb/src/portable/raspberrypi/rp2040/rp2040_usb.c.obj
 *fill*         0x10008812        0x2 
 .rodata._hw_endpoint_buffer_control_update32.str1.4
                0x10008814       0x1f CMakeFiles/Hexapod.dir/home/pi/Documents/pico/pico-sdk/lib/tinyusb/src/portable/raspberrypi/rp2040/rp2040_usb.c.obj
 *fill*         0x10008833        0x1 
 .rodata._hw_endpoint_xfer.str1.4
                0x10008834        0xf CMakeFiles/Hexapod.dir/home/pi/Documents/pico/pico-sdk/lib/tinyusb/src/portable/raspberrypi/rp2040/rp2040_usb.c.obj
 *fill*         0x10008843        0x1 
 .rodata._hw_endpoint_xfer_continue.str1.4
                0x10008844       0x50 CMakeFiles/Hexapod.dir/home/pi/Documents/pico/pico-sdk/lib/tinyusb/src/portable/raspberrypi/rp2040/rp2040_usb.c.obj
 .rodata._hw_endpoint_xfer_sync.str1.4
                0x10008894       0x99 CMakeFiles/Hexapod.dir/home/pi/Documents/pico/pico-sdk/lib/tinyusb/src/portable/raspberrypi/rp2040/rp2040_usb.c.obj
 .rodata.str1.4
                0x1000892d       0x99 CMakeFiles/Hexapod.dir/home/pi/Documents/pico/pico-sdk/lib/tinyusb/src/portable/raspberrypi/rp2040/rp2040_usb.c.obj
                                  0x7 (size before relaxing)
 *fill*         0x1000892d        0x3 
 .rodata.process_get_descriptor
                0x10008930       0x40 CMakeFiles/Hexapod.dir/home/pi/Documents/pico/pico-sdk/lib/tinyusb/src/device/usbd.c.obj
 .rodata.process_control_request
                0x10008970       0x28 CMakeFiles/Hexapod.dir/home/pi/Documents/pico/pico-sdk/lib/tinyusb/src/device/usbd.c.obj
 .rodata.tud_task
                0x10008998       0x24 CMakeFiles/Hexapod.dir/home/pi/Documents/pico/pico-sdk/lib/tinyusb/src/device/usbd.c.obj
 .rodata.__func__.6459
                0x100089bc       0x10 CMakeFiles/Hexapod.dir/home/pi/Documents/pico/pico-sdk/lib/tinyusb/src/device/usbd.c.obj
 .rodata.__func__.7252
                0x100089cc        0x9 CMakeFiles/Hexapod.dir/home/pi/Documents/pico/pico-sdk/lib/tinyusb/src/device/usbd.c.obj
 *fill*         0x100089d5        0x3 
 .rodata.__func__.7273
                0x100089d8       0x18 CMakeFiles/Hexapod.dir/home/pi/Documents/pico/pico-sdk/lib/tinyusb/src/device/usbd.c.obj
 .rodata.__func__.7311
                0x100089f0       0x13 CMakeFiles/Hexapod.dir/home/pi/Documents/pico/pico-sdk/lib/tinyusb/src/device/usbd.c.obj
 *fill*         0x10008a03        0x1 
 .rodata.__func__.7354
                0x10008a04       0x17 CMakeFiles/Hexapod.dir/home/pi/Documents/pico/pico-sdk/lib/tinyusb/src/device/usbd.c.obj
 *fill*         0x10008a1b        0x1 
 .rodata.__func__.7408
                0x10008a1c       0x14 CMakeFiles/Hexapod.dir/home/pi/Documents/pico/pico-sdk/lib/tinyusb/src/device/usbd.c.obj
 .rodata.__func__.7424
                0x10008a30        0xf CMakeFiles/Hexapod.dir/home/pi/Documents/pico/pico-sdk/lib/tinyusb/src/device/usbd.c.obj
 *fill*         0x10008a3f        0x1 
 .rodata.__func__.7452
                0x10008a40        0xf CMakeFiles/Hexapod.dir/home/pi/Documents/pico/pico-sdk/lib/tinyusb/src/device/usbd.c.obj
 *fill*         0x10008a4f        0x1 
 .rodata._usbd_driver
                0x10008a50       0x18 CMakeFiles/Hexapod.dir/home/pi/Documents/pico/pico-sdk/lib/tinyusb/src/device/usbd.c.obj
 .rodata.process_set_config.str1.4
                0x10008a68       0x17 CMakeFiles/Hexapod.dir/home/pi/Documents/pico/pico-sdk/lib/tinyusb/src/device/usbd.c.obj
 *fill*         0x10008a7f        0x1 
 .rodata.__func__.7165
                0x10008a80       0x11 CMakeFiles/Hexapod.dir/home/pi/Documents/pico/pico-sdk/lib/tinyusb/src/device/usbd_control.c.obj
 *fill*         0x10008a91        0x3 
 .rodata.__func__.7192
                0x10008a94       0x15 CMakeFiles/Hexapod.dir/home/pi/Documents/pico/pico-sdk/lib/tinyusb/src/device/usbd_control.c.obj
 .rodata.tud_control_xfer.str1.4
                0x10008aa9       0x17 CMakeFiles/Hexapod.dir/home/pi/Documents/pico/pico-sdk/lib/tinyusb/src/device/usbd_control.c.obj
 *fill*         0x10008aa9        0x3 
 .rodata.__func__.7104
                0x10008aac       0x16 CMakeFiles/Hexapod.dir/home/pi/Documents/pico/pico-sdk/lib/tinyusb/src/class/cdc/cdc_device.c.obj
 *fill*         0x10008ac2        0x2 
 .rodata.__func__.7137
                0x10008ac4        0xa CMakeFiles/Hexapod.dir/home/pi/Documents/pico/pico-sdk/lib/tinyusb/src/class/cdc/cdc_device.c.obj
 *fill*         0x10008ace        0x2 
 .rodata.__func__.7171
                0x10008ad0        0xd CMakeFiles/Hexapod.dir/home/pi/Documents/pico/pico-sdk/lib/tinyusb/src/class/cdc/cdc_device.c.obj
 .rodata.tud_cdc_n_write_flush.str1.4
                0x10008add       0x17 CMakeFiles/Hexapod.dir/home/pi/Documents/pico/pico-sdk/lib/tinyusb/src/class/cdc/cdc_device.c.obj
 *fill*         0x10008add        0x3 
 .rodata.__func__.7041
                0x10008ae0        0xa CMakeFiles/Hexapod.dir/home/pi/Documents/pico/pico-sdk/lib/tinyusb/src/tusb.c.obj
 .rodata.tusb_init.str1.4
                0x10008aea       0x17 CMakeFiles/Hexapod.dir/home/pi/Documents/pico/pico-sdk/lib/tinyusb/src/tusb.c.obj
 *fill*         0x10008aea        0x2 
 .rodata.__func__.4247
                0x10008aec       0x20 CMakeFiles/Hexapod.dir/home/pi/Documents/pico/pico-sdk/src/rp2_common/pico_unique_id/unique_id.c.obj
 .rodata.pico_get_unique_board_id_string.str1.4
                0x10008b0c       0x53 CMakeFiles/Hexapod.dir/home/pi/Documents/pico/pico-sdk/src/rp2_common/pico_unique_id/unique_id.c.obj
 *fill*         0x10008b5f        0x1 
 .rodata.__func__.4388
                0x10008b60        0xd CMakeFiles/Hexapod.dir/home/pi/Documents/pico/pico-sdk/src/rp2_common/hardware_flash/flash.c.obj
 *fill*         0x10008b6d        0x3 
 .rodata.str1.4
                0x10008b70      0x15e CMakeFiles/Hexapod.dir/home/pi/Documents/pico/pico-sdk/src/rp2_common/hardware_flash/flash.c.obj
 *fill*         0x10008cce        0x2 
 .rodata.__func__.4732
                0x10008cd0       0x11 CMakeFiles/Hexapod.dir/home/pi/Documents/pico/pico-sdk/src/rp2_common/hardware_i2c/i2c.c.obj
 *fill*         0x10008ce1        0x3 
 .rodata.i2c_set_baudrate.str1.4
                0x10008ce4       0x64 CMakeFiles/Hexapod.dir/home/pi/Documents/pico/pico-sdk/src/rp2_common/hardware_i2c/i2c.c.obj
                                 0x63 (size before relaxing)
                0x10008d48                . = ALIGN (0x4)
 *(SORT_BY_ALIGNMENT(SORT_BY_NAME(.flashdata*)))
                0x10008d48                . = ALIGN (0x4)

.rel.dyn        0x10008d48        0x0
 .rel.iplt      0x10008d48        0x0 /usr/lib/gcc/arm-none-eabi/7.3.1/thumb/v6-m/crtbegin.o

.ARM.extab
 *(.ARM.extab* .gnu.linkonce.armextab.*)
                0x10008d48                __exidx_start = .

.ARM.exidx
 *(.ARM.exidx* .gnu.linkonce.armexidx.*)
                0x10008d48                __exidx_end = .
                0x10008d48                . = ALIGN (0x4)
                0x10008d48                __binary_info_start = .

.binary_info    0x10008d48       0x2c
 *(.binary_info.keep.*)
 .binary_info.keep.__bi_ptr22
                0x10008d48        0x4 CMakeFiles/Hexapod.dir/home/pi/Documents/pico/pico-sdk/src/rp2_common/pico_standard_link/binary_info.c.obj
 .binary_info.keep.__bi_ptr30
                0x10008d4c        0x4 CMakeFiles/Hexapod.dir/home/pi/Documents/pico/pico-sdk/src/rp2_common/pico_standard_link/binary_info.c.obj
 .binary_info.keep.__bi_ptr38
                0x10008d50        0x4 CMakeFiles/Hexapod.dir/home/pi/Documents/pico/pico-sdk/src/rp2_common/pico_standard_link/binary_info.c.obj
 .binary_info.keep.__bi_ptr44
                0x10008d54        0x4 CMakeFiles/Hexapod.dir/home/pi/Documents/pico/pico-sdk/src/rp2_common/pico_standard_link/binary_info.c.obj
 .binary_info.keep.__bi_ptr50
                0x10008d58        0x4 CMakeFiles/Hexapod.dir/home/pi/Documents/pico/pico-sdk/src/rp2_common/pico_standard_link/binary_info.c.obj
 .binary_info.keep.__bi_ptr56
                0x10008d5c        0x4 CMakeFiles/Hexapod.dir/home/pi/Documents/pico/pico-sdk/src/rp2_common/pico_standard_link/binary_info.c.obj
 .binary_info.keep.__bi_ptr75
                0x10008d60        0x4 CMakeFiles/Hexapod.dir/home/pi/Documents/pico/pico-sdk/src/rp2_common/pico_standard_link/binary_info.c.obj
 .binary_info.keep.__bi_ptr81
                0x10008d64        0x4 CMakeFiles/Hexapod.dir/home/pi/Documents/pico/pico-sdk/src/rp2_common/pico_standard_link/binary_info.c.obj
 *(.binary_info.*)
 .binary_info.__bi_ptr28
                0x10008d68        0x4 CMakeFiles/Hexapod.dir/home/pi/Documents/pico/pico-sdk/src/rp2_common/pico_stdio_uart/stdio_uart.c.obj
 .binary_info.__bi_ptr29
                0x10008d6c        0x4 CMakeFiles/Hexapod.dir/home/pi/Documents/pico/pico-sdk/src/rp2_common/pico_stdio_uart/stdio_uart.c.obj
 .binary_info.__bi_ptr93
                0x10008d70        0x4 CMakeFiles/Hexapod.dir/home/pi/Documents/pico/pico-sdk/src/rp2_common/pico_stdio_usb/stdio_usb.c.obj
                0x10008d74                __binary_info_end = .
                0x10008d74                . = ALIGN (0x4)
                0x10008d74                __etext = .

.ram_vector_table
                0x20000000       0xc0
 *(.ram_vector_table)
 .ram_vector_table
                0x20000000       0xc0 CMakeFiles/Hexapod.dir/home/pi/Documents/pico/pico-sdk/src/rp2_common/pico_runtime/runtime.c.obj
                0x20000000                ram_vector_table

.data           0x200000c0      0x514 load address 0x10008d74
                0x200000c0                __data_start__ = .
 *(vtable)
 *(.time_critical*)
 .time_critical.mutex_enter_blocking
                0x200000c0       0x94 CMakeFiles/Hexapod.dir/home/pi/Documents/pico/pico-sdk/src/common/pico_sync/mutex.c.obj
                0x200000c0                mutex_enter_blocking
 .time_critical.mutex_try_enter
                0x20000154       0x5a CMakeFiles/Hexapod.dir/home/pi/Documents/pico/pico-sdk/src/common/pico_sync/mutex.c.obj
                0x20000154                mutex_try_enter
 *fill*         0x200001ae        0x2 
 .time_critical.mutex_enter_block_until
                0x200001b0       0x8c CMakeFiles/Hexapod.dir/home/pi/Documents/pico/pico-sdk/src/common/pico_sync/mutex.c.obj
                0x200001b0                mutex_enter_block_until
 .time_critical.mutex_enter_timeout_ms
                0x2000023c       0x6c CMakeFiles/Hexapod.dir/home/pi/Documents/pico/pico-sdk/src/common/pico_sync/mutex.c.obj
                0x2000023c                mutex_enter_timeout_ms
 .time_critical.mutex_exit
                0x200002a8       0x94 CMakeFiles/Hexapod.dir/home/pi/Documents/pico/pico-sdk/src/common/pico_sync/mutex.c.obj
                0x200002a8                mutex_exit
 .time_critical.flash_init_boot2_copyout
                0x2000033c       0x30 CMakeFiles/Hexapod.dir/home/pi/Documents/pico/pico-sdk/src/rp2_common/hardware_flash/flash.c.obj
 .time_critical.flash_enable_xip_via_boot2
                0x2000036c       0x10 CMakeFiles/Hexapod.dir/home/pi/Documents/pico/pico-sdk/src/rp2_common/hardware_flash/flash.c.obj
 .time_critical.flash_cs_force
                0x2000037c       0x28 CMakeFiles/Hexapod.dir/home/pi/Documents/pico/pico-sdk/src/rp2_common/hardware_flash/flash.c.obj
 .time_critical.flash_do_cmd
                0x200003a4       0xc0 CMakeFiles/Hexapod.dir/home/pi/Documents/pico/pico-sdk/src/rp2_common/hardware_flash/flash.c.obj
                0x200003a4                flash_do_cmd
 *(.text*)
 .text          0x20000464        0x4 /usr/lib/gcc/arm-none-eabi/7.3.1/thumb/v6-m/libgcc.a(_dvmd_tls.o)
                0x20000464                __aeabi_ldiv0
                0x20000464                __aeabi_idiv0
 .text.__stub   0x20000468       0x50 linker stubs
                0x200004b8                . = ALIGN (0x4)
 *(.rodata*)
                0x200004b8                . = ALIGN (0x4)
 *(.data*)
 .data.striped_spin_lock_num
                0x200004b8        0x1 CMakeFiles/Hexapod.dir/home/pi/Documents/pico/pico-sdk/src/rp2_common/hardware_sync/sync.c.obj
 *fill*         0x200004b9        0x3 
 .data.default_alarm_pool
                0x200004bc       0x18 CMakeFiles/Hexapod.dir/home/pi/Documents/pico/pico-sdk/src/common/pico_time/time.c.obj
 .data.default_alarm_pool_heap
                0x200004d4       0x10 CMakeFiles/Hexapod.dir/home/pi/Documents/pico/pico-sdk/src/common/pico_time/time.c.obj
 .data          0x200004e4       0x48 CMakeFiles/Hexapod.dir/home/pi/Documents/pico/pico-sdk/src/rp2_common/hardware_irq/irq_handler_chain.S.obj
                0x200004e4                irq_handler_chain_slots
                0x20000514                irq_handler_chain_first_slot
                0x2000051e                irq_handler_chain_remove_tail
 *fill*         0x2000052c        0x4 
 .data.aeabi_bits_funcs
                0x20000530       0x10 CMakeFiles/Hexapod.dir/home/pi/Documents/pico/pico-sdk/src/rp2_common/pico_bit_ops/bit_ops_aeabi.S.obj
                0x20000530                aeabi_bits_funcs
                0x20000540                aeabi_bits_funcs_end
 .data.aeabi_mem_funcs
                0x20000540       0x10 CMakeFiles/Hexapod.dir/home/pi/Documents/pico/pico-sdk/src/rp2_common/pico_mem_ops/mem_ops_aeabi.S.obj
                0x20000540                aeabi_mem_funcs
                0x20000550                aeabi_mem_funcs_end
 .data.stdio_uart
                0x20000550       0x14 CMakeFiles/Hexapod.dir/home/pi/Documents/pico/pico-sdk/src/rp2_common/pico_stdio_uart/stdio_uart.c.obj
                0x20000550                stdio_uart
 .data.stdio_usb
                0x20000564       0x14 CMakeFiles/Hexapod.dir/home/pi/Documents/pico/pico-sdk/src/rp2_common/pico_stdio_usb/stdio_usb.c.obj
                0x20000564                stdio_usb
 .data.ep_dir_string
                0x20000578        0x8 CMakeFiles/Hexapod.dir/home/pi/Documents/pico/pico-sdk/lib/tinyusb/src/portable/raspberrypi/rp2040/rp2040_usb.c.obj
                0x20000578                ep_dir_string
 .data._usbd_qdef
                0x20000580       0x24 CMakeFiles/Hexapod.dir/home/pi/Documents/pico/pico-sdk/lib/tinyusb/src/device/usbd.c.obj
                0x20000580                _usbd_qdef
 .data.i2c0_inst
                0x200005a4        0x8 CMakeFiles/Hexapod.dir/home/pi/Documents/pico/pico-sdk/src/rp2_common/hardware_i2c/i2c.c.obj
                0x200005a4                i2c0_inst
 .data.i2c1_inst
                0x200005ac        0x8 CMakeFiles/Hexapod.dir/home/pi/Documents/pico/pico-sdk/src/rp2_common/hardware_i2c/i2c.c.obj
                0x200005ac                i2c1_inst
                0x200005b4                . = ALIGN (0x4)
 *(.after_data.*)
                0x200005b4                . = ALIGN (0x4)
                0x200005b4                PROVIDE (__mutex_array_start = .)
 *(SORT_BY_NAME(.mutex_array.*))
 *(.mutex_array)
 .mutex_array   0x200005b4        0x8 CMakeFiles/Hexapod.dir/home/pi/Documents/pico/pico-sdk/src/rp2_common/pico_stdio/stdio.c.obj
                0x200005bc                PROVIDE (__mutex_array_end = .)
                0x200005bc                . = ALIGN (0x4)